Component: ARM Compiler 5.06 update 6 (build 750) Tool: armlink [4d35ed]

==============================================================================

Section Cross References

    startup_stm32f10x_md.o(STACK) refers (Special) to heapauxi.o(.text) for __use_two_region_memory
    startup_stm32f10x_md.o(HEAP) refers (Special) to heapauxi.o(.text) for __use_two_region_memory
    startup_stm32f10x_md.o(RESET) refers (Special) to heapauxi.o(.text) for __use_two_region_memory
    startup_stm32f10x_md.o(RESET) refers to startup_stm32f10x_md.o(STACK) for __initial_sp
    startup_stm32f10x_md.o(RESET) refers to startup_stm32f10x_md.o(.text) for Reset_Handler
    startup_stm32f10x_md.o(RESET) refers to stm32f10x_it.o(i.NMI_Handler) for NMI_Handler
    startup_stm32f10x_md.o(RESET) refers to stm32f10x_it.o(i.HardFault_Handler) for HardFault_Handler
    startup_stm32f10x_md.o(RESET) refers to stm32f10x_it.o(i.MemManage_Handler) for MemManage_Handler
    startup_stm32f10x_md.o(RESET) refers to stm32f10x_it.o(i.BusFault_Handler) for BusFault_Handler
    startup_stm32f10x_md.o(RESET) refers to stm32f10x_it.o(i.UsageFault_Handler) for UsageFault_Handler
    startup_stm32f10x_md.o(RESET) refers to stm32f10x_it.o(i.SVC_Handler) for SVC_Handler
    startup_stm32f10x_md.o(RESET) refers to stm32f10x_it.o(i.DebugMon_Handler) for DebugMon_Handler
    startup_stm32f10x_md.o(RESET) refers to stm32f10x_it.o(i.PendSV_Handler) for PendSV_Handler
    startup_stm32f10x_md.o(RESET) refers to stm32f10x_it.o(i.SysTick_Handler) for SysTick_Handler
    startup_stm32f10x_md.o(.text) refers (Special) to heapauxi.o(.text) for __use_two_region_memory
    startup_stm32f10x_md.o(.text) refers to system_stm32f10x.o(i.SystemInit) for SystemInit
    startup_stm32f10x_md.o(.text) refers to __main.o(!!!main) for __main
    startup_stm32f10x_md.o(.text) refers to startup_stm32f10x_md.o(HEAP) for Heap_Mem
    startup_stm32f10x_md.o(.text) refers to startup_stm32f10x_md.o(STACK) for Stack_Mem
    vl53l0x.o(i.vl53l0x_Calibration) refers to vl53l0x_api.o(i.VL53L0X_StaticInit) for VL53L0X_StaticInit
    vl53l0x.o(i.vl53l0x_Calibration) refers to vl53l0x_api.o(i.VL53L0X_PerformRefCalibration) for VL53L0X_PerformRefCalibration
    vl53l0x.o(i.vl53l0x_Calibration) refers to vl53l0x_api.o(i.VL53L0X_PerformRefSpadManagement) for VL53L0X_PerformRefSpadManagement
    vl53l0x.o(i.vl53l0x_Init) refers to vl_iic.o(i.IIC_Init) for IIC_Init
    vl53l0x.o(i.vl53l0x_Init) refers to vl53l0x_api.o(i.VL53L0X_DataInit) for VL53L0X_DataInit
    vl53l0x.o(i.vl53l0x_Init) refers to noretval__2printf.o(.text) for __2printf
    vl53l0x.o(i.vl53l0x_Init) refers to vl53l0x.o(i.vl53l0x_Calibration) for vl53l0x_Calibration
    vl53l0x.o(i.vl53l0x_Init) refers to vl53l0x.o(i.vl53l0x_Mode_Set) for vl53l0x_Mode_Set
    vl53l0x.o(i.vl53l0x_Mode_Set) refers to vl53l0x_api.o(i.VL53L0X_ResetDevice) for VL53L0X_ResetDevice
    vl53l0x.o(i.vl53l0x_Mode_Set) refers to vl53l0x_api.o(i.VL53L0X_StaticInit) for VL53L0X_StaticInit
    vl53l0x.o(i.vl53l0x_Mode_Set) refers to vl53l0x_api.o(i.VL53L0X_PerformRefCalibration) for VL53L0X_PerformRefCalibration
    vl53l0x.o(i.vl53l0x_Mode_Set) refers to delay.o(i.delay_ms) for delay_ms
    vl53l0x.o(i.vl53l0x_Mode_Set) refers to vl53l0x_api.o(i.VL53L0X_SetLimitCheckEnable) for VL53L0X_SetLimitCheckEnable
    vl53l0x.o(i.vl53l0x_Mode_Set) refers to vl53l0x_api.o(i.VL53L0X_SetLimitCheckValue) for VL53L0X_SetLimitCheckValue
    vl53l0x.o(i.vl53l0x_Mode_Set) refers to vl53l0x_api.o(i.VL53L0X_SetMeasurementTimingBudgetMicroSeconds) for VL53L0X_SetMeasurementTimingBudgetMicroSeconds
    vl53l0x.o(i.vl53l0x_Mode_Set) refers to vl53l0x_api.o(i.VL53L0X_SetVcselPulsePeriod) for VL53L0X_SetVcselPulsePeriod
    vl53l0x.o(i.vl53l0x_Mode_Set) refers to vl53l0x.o(.data) for Mode_Setdata
    vl53l0x.o(i.vl53l0x_continuous_range) refers to _printf_percent.o(.ARM.Collect$$_printf_percent$$00000000) for _printf_percent
    vl53l0x.o(i.vl53l0x_continuous_range) refers to _printf_d.o(.ARM.Collect$$_printf_percent$$00000009) for _printf_d
    vl53l0x.o(i.vl53l0x_continuous_range) refers to _printf_dec.o(.text) for _printf_int_dec
    vl53l0x.o(i.vl53l0x_continuous_range) refers to vl53l0x_api.o(i.VL53L0X_SetDeviceMode) for VL53L0X_SetDeviceMode
    vl53l0x.o(i.vl53l0x_continuous_range) refers to vl53l0x_api.o(i.VL53L0X_StartMeasurement) for VL53L0X_StartMeasurement
    vl53l0x.o(i.vl53l0x_continuous_range) refers to vl53l0x_api.o(i.VL53L0X_GetMeasurementDataReady) for VL53L0X_GetMeasurementDataReady
    vl53l0x.o(i.vl53l0x_continuous_range) refers to vl53l0x_platform.o(i.VL53L0X_PollingDelay) for VL53L0X_PollingDelay
    vl53l0x.o(i.vl53l0x_continuous_range) refers to vl53l0x_api.o(i.VL53L0X_GetRangingMeasurementData) for VL53L0X_GetRangingMeasurementData
    vl53l0x.o(i.vl53l0x_continuous_range) refers to noretval__2printf.o(.text) for __2printf
    vl53l0x.o(i.vl53l0x_continuous_range) refers to vl53l0x_api.o(i.VL53L0X_ClearInterruptMask) for VL53L0X_ClearInterruptMask
[...]
    .ARM.Collect$$libinit$$0000000E          0x080001ba   Section        0  libinit2.o(.ARM.Collect$$libinit$$0000000E)
    .ARM.Collect$$libinit$$00000011          0x080001ba   Section        0  libinit2.o(.ARM.Collect$$libinit$$00000011)
    .ARM.Collect$$libinit$$00000013          0x080001ba   Section        0  libinit2.o(.ARM.Collect$$libinit$$00000013)
    .ARM.Collect$$libinit$$00000015          0x080001ba   Section        0  libinit2.o(.ARM.Collect$$libinit$$00000015)
    .ARM.Collect$$libinit$$00000017          0x080001ba   Section        0  libinit2.o(.ARM.Collect$$libinit$$00000017)
    .ARM.Collect$$libinit$$00000019          0x080001ba   Section        0  libinit2.o(.ARM.Collect$$libinit$$00000019)
    .ARM.Collect$$libinit$$0000001B          0x080001ba   Section        0  libinit2.o(.ARM.Collect$$libinit$$0000001B)
    .ARM.Collect$$libinit$$0000001D          0x080001ba   Section        0  libinit2.o(.ARM.Collect$$libinit$$0000001D)
    .ARM.Collect$$libinit$$0000001F          0x080001ba   Section        0  libinit2.o(.ARM.Collect$$libinit$$0000001F)
    .ARM.Collect$$libinit$$00000021          0x080001ba   Section        0  libinit2.o(.ARM.Collect$$libinit$$00000021)
    .ARM.Collect$$libinit$$00000023          0x080001ba   Section        0  libinit2.o(.ARM.Collect$$libinit$$00000023)
    .ARM.Collect$$libinit$$00000025          0x080001ba   Section        0  libinit2.o(.ARM.Collect$$libinit$$00000025)
    .ARM.Collect$$libinit$$0000002C          0x080001ba   Section        0  libinit2.o(.ARM.Collect$$libinit$$0000002C)
    .ARM.Collect$$libinit$$0000002E          0x080001ba   Section        0  libinit2.o(.ARM.Collect$$libinit$$0000002E)
    .ARM.Collect$$libinit$$00000030          0x080001ba   Section        0  libinit2.o(.ARM.Collect$$libinit$$00000030)
    .ARM.Collect$$libinit$$00000032          0x080001ba   Section        0  libinit2.o(.ARM.Collect$$libinit$$00000032)
    .ARM.Collect$$libinit$$00000033          0x080001ba   Section        2  libinit2.o(.ARM.Collect$$libinit$$00000033)
    .ARM.Collect$$libshutdown$$00000000      0x080001bc   Section        2  libshutdown.o(.ARM.Collect$$libshutdown$$00000000)
    .ARM.Collect$$libshutdown$$00000002      0x080001be   Section        0  libshutdown2.o(.ARM.Collect$$libshutdown$$00000002)
    .ARM.Collect$$libshutdown$$00000004      0x080001be   Section        0  libshutdown2.o(.ARM.Collect$$libshutdown$$00000004)
    .ARM.Collect$$libshutdown$$00000007      0x080001be   Section        0  libshutdown2.o(.ARM.Collect$$libshutdown$$00000007)
    .ARM.Collect$$libshutdown$$0000000A      0x080001be   Section        0  libshutdown2.o(.ARM.Collect$$libshutdown$$0000000A)
    .ARM.Collect$$libshutdown$$0000000C      0x080001be   Section        0  libshutdown2.o(.ARM.Collect$$libshutdown$$0000000C)
    .ARM.Collect$$libshutdown$$0000000F      0x080001be   Section        0  libshutdown2.o(.ARM.Collect$$libshutdown$$0000000F)
    .ARM.Collect$$libshutdown$$00000010      0x080001be   Section        2  libshutdown2.o(.ARM.Collect$$libshutdown$$00000010)
    .ARM.Collect$$rtentry$$00000000          0x080001c0   Section        0  __rtentry.o(.ARM.Collect$$rtentry$$00000000)
    .ARM.Collect$$rtentry$$00000002          0x080001c0   Section        0  __rtentry2.o(.ARM.Collect$$rtentry$$00000002)
    .ARM.Collect$$rtentry$$00000004          0x080001c0   Section        6  __rtentry4.o(.ARM.Collect$$rtentry$$00000004)
    .ARM.Collect$$rtentry$$00000009          0x080001c6   Section        0  __rtentry2.o(.ARM.Collect$$rtentry$$00000009)
    .ARM.Collect$$rtentry$$0000000A          0x080001c6   Section        4  __rtentry2.o(.ARM.Collect$$rtentry$$0000000A)
    .ARM.Collect$$rtentry$$0000000C          0x080001ca   Section        0  __rtentry2.o(.ARM.Collect$$rtentry$$0000000C)
    .ARM.Collect$$rtentry$$0000000D          0x080001ca   Section        8  __rtentry2.o(.ARM.Collect$$rtentry$$0000000D)
    .ARM.Collect$$rtexit$$00000000           0x080001d2   Section        2  rtexit.o(.ARM.Collect$$rtexit$$00000000)
    .ARM.Collect$$rtexit$$00000002           0x080001d4   Section        0  rtexit2.o(.ARM.Collect$$rtexit$$00000002)
    .ARM.Collect$$rtexit$$00000003           0x080001d4   Section        4  rtexit2.o(.ARM.Collect$$rtexit$$00000003)
    .ARM.Collect$$rtexit$$00000004           0x080001d8   Section        6  rtexit2.o(.ARM.Collect$$rtexit$$00000004)
    .text                                    0x080001e0   Section       64  startup_stm32f10x_md.o(.text)
    .text                                    0x08000220   Section        2  use_no_semi_2.o(.text)
    .text                                    0x08000224   Section        0  noretval__2printf.o(.text)
    .text                                    0x0800023c   Section        0  __printf.o(.text)
    .text                                    0x080002a4   Section        0  _printf_str.o(.text)
    .text                                    0x080002f8   Section        0  _printf_dec.o(.text)
    .text                                    0x08000370   Section        0  strcpy.o(.text)
    .text                                    0x080003b8   Section      100  rt_memcpy_w.o(.text)
    .text                                    0x0800041c   Section       78  rt_memclr_w.o(.text)
    .text                                    0x0800046a   Section        0  heapauxi.o(.text)
    .text                                    0x08000470   Section        2  use_no_semi.o(.text)
    .text                                    0x08000472   Section        0  _printf_intcommon.o(.text)
    .text                                    0x08000524   Section        0  _printf_char.o(.text)
    .text                                    0x08000550   Section        0  _printf_char_file.o(.text)
    .text                                    0x08000574   Section        0  _printf_char_common.o(.text)
    _printf_input_char                       0x08000575   Thumb Code    10  _printf_char_common.o(.text)
    .text                                    0x080005a4   Section        0  ferror.o(.text)
    .text                                    0x080005ac   Section       74  sys_stackheap_outer.o(.text)
    .text                                    0x080005f6   Section        0  exit.o(.text)
    .text                                    0x08000608   Section        8  libspace.o(.text)
    i.BusFault_Handler                       0x08000610   Section        0  stm32f10x_it.o(i.BusFault_Handler)
    i.DebugMon_Handler                       0x08000614   Section        0  stm32f10x_it.o(i.DebugMon_Handler)
    i.GPIO_Init                              0x08000616   Section        0  stm32f10x_gpio.o(i.GPIO_Init)
    i.GPIO_SetBits                           0x0800072c   Section        0  stm32f10x_gpio.o(i.GPIO_SetBits)
    i.HardFault_Handler                      0x08000730   Section        0  stm32f10x_it.o(i.HardFault_Handler)
    i.IIC_Ack                                0x08000734   Section        0  vl_iic.o(i.IIC_Ack)
    i.IIC_Init                               0x08000784   Section        0  vl_iic.o(i.IIC_Init)
    i.IIC_NAck                               0x080007e8   Section        0  vl_iic.o(i.IIC_NAck)
    i.IIC_Read_Byte                          0x08000838   Section        0  vl_iic.o(i.IIC_Read_Byte)
    i.IIC_Read_multiByte                     0x080008ac   Section        0  vl_iic.o(i.IIC_Read_multiByte)
    i.IIC_Send_Byte                          0x0800091c   Section        0  vl_iic.o(i.IIC_Send_Byte)
    i.IIC_Start                              0x08000990   Section        0  vl_iic.o(i.IIC_Start)
    i.IIC_Stop                               0x080009dc   Section        0  vl_iic.o(i.IIC_Stop)
    i.IIC_Wait_Ack                           0x08000a28   Section        0  vl_iic.o(i.IIC_Wait_Ack)
    i.IIC_Write_multiByte                    0x08000a8c   Section        0  vl_iic.o(i.IIC_Write_multiByte)
    i.MemManage_Handler                      0x08000ae8   Section        0  stm32f10x_it.o(i.MemManage_Handler)
    i.NMI_Handler                            0x08000aec   Section        0  stm32f10x_it.o(i.NMI_Handler)
    i.NVIC_Init                              0x08000af0   Section        0  misc.o(i.NVIC_Init)
    i.PendSV_Handler                         0x08000b60   Section        0  stm32f10x_it.o(i.PendSV_Handler)
    i.RCC_ADCCLKConfig                       0x08000b64   Section        0  stm32f10x_rcc.o(i.RCC_ADCCLKConfig)
    i.RCC_APB2PeriphClockCmd                 0x08000b7c   Section        0  stm32f10x_rcc.o(i.RCC_APB2PeriphClockCmd)
    i.RCC_Configuration                      0x08000b9c   Section        0  system_stm32f10x.o(i.RCC_Configuration)
    i.RCC_DeInit                             0x08000c00   Section        0  stm32f10x_rcc.o(i.RCC_DeInit)
    i.RCC_GetClocksFreq                      0x08000c4c   Section        0  stm32f10x_rcc.o(i.RCC_GetClocksFreq)
    i.RCC_GetFlagStatus                      0x08000d20   Section        0  stm32f10x_rcc.o(i.RCC_GetFlagStatus)
    i.RCC_GetSYSCLKSource                    0x08000d5c   Section        0  stm32f10x_rcc.o(i.RCC_GetSYSCLKSource)
    i.RCC_HCLKConfig                         0x08000d6c   Section        0  stm32f10x_rcc.o(i.RCC_HCLKConfig)
    i.RCC_HSICmd                             0x08000d84   Section        0  stm32f10x_rcc.o(i.RCC_HSICmd)
    i.RCC_PCLK1Config                        0x08000d90   Section        0  stm32f10x_rcc.o(i.RCC_PCLK1Config)
    i.RCC_PCLK2Config                        0x08000da8   Section        0  stm32f10x_rcc.o(i.RCC_PCLK2Config)
    i.RCC_PLLCmd                             0x08000dc0   Section        0  stm32f10x_rcc.o(i.RCC_PLLCmd)
    i.RCC_PLLConfig                          0x08000dcc   Section        0  stm32f10x_rcc.o(i.RCC_PLLConfig)
    i.RCC_SYSCLKConfig                       0x08000de8   Section        0  stm32f10x_rcc.o(i.RCC_SYSCLKConfig)
    i.SVC_Handler                            0x08000e00   Section        0  stm32f10x_it.o(i.SVC_Handler)
    i.SysTick_CLKSourceConfig                0x08000e02   Section        0  misc.o(i.SysTick_CLKSourceConfig)
    i.SysTick_Handler                        0x08000e2a   Section        0  stm32f10x_it.o(i.SysTick_Handler)
    i.SystemInit                             0x08000e2c   Section        0  system_stm32f10x.o(i.SystemInit)
    i.USART_Cmd                              0x08000e8c   Section        0  stm32f10x_usart.o(i.USART_Cmd)
    i.USART_ITConfig                         0x08000ea4   Section        0  stm32f10x_usart.o(i.USART_ITConfig)
    i.USART_Init                             0x08000ef0   Section        0  stm32f10x_usart.o(i.USART_Init)
    i.Uart1Init                              0x08000fc8   Section        0  usart.o(i.Uart1Init)
    i.UsageFault_Handler                     0x0800106c   Section        0  stm32f10x_it.o(i.UsageFault_Handler)
    i.VL53L0X_CheckAndLoadInterruptSettings  0x08001070   Section        0  vl53l0x_api.o(i.VL53L0X_CheckAndLoadInterruptSettings)
    i.VL53L0X_ClearInterruptMask             0x080010f4   Section        0  vl53l0x_api.o(i.VL53L0X_ClearInterruptMask)
    i.VL53L0X_DataInit                       0x08001148   Section        0  vl53l0x_api.o(i.VL53L0X_DataInit)
    i.VL53L0X_GetDeviceInfo                  0x080012e8   Section        0  vl53l0x_api.o(i.VL53L0X_GetDeviceInfo)
    i.VL53L0X_GetDeviceMode                  0x080012fe   Section        0  vl53l0x_api.o(i.VL53L0X_GetDeviceMode)
    i.VL53L0X_GetDeviceParameters            0x08001308   Section        0  vl53l0x_api.o(i.VL53L0X_GetDeviceParameters)
    i.VL53L0X_GetFractionEnable              0x080013a8   Section        0  vl53l0x_api.o(i.VL53L0X_GetFractionEnable)
    i.VL53L0X_GetInterMeasurementPeriodMilliSeconds 0x080013ca   Section        0  vl53l0x_api.o(i.VL53L0X_GetInterMeasurementPeriodMilliSeconds)
    i.VL53L0X_GetInterruptMaskStatus         0x08001408   Section        0  vl53l0x_api.o(i.VL53L0X_GetInterruptMaskStatus)
    i.VL53L0X_GetInterruptThresholds         0x08001438   Section        0  vl53l0x_api.o(i.VL53L0X_GetInterruptThresholds)
    i.VL53L0X_GetLimitCheckEnable            0x0800147a   Section        0  vl53l0x_api.o(i.VL53L0X_GetLimitCheckEnable)
    i.VL53L0X_GetLimitCheckValue             0x08001496   Section        0  vl53l0x_api.o(i.VL53L0X_GetLimitCheckValue)
    i.VL53L0X_GetMeasurementDataReady        0x0800154c   Section        0  vl53l0x_api.o(i.VL53L0X_GetMeasurementDataReady)
    i.VL53L0X_GetMeasurementTimingBudgetMicroSeconds 0x080015a2   Section        0  vl53l0x_api.o(i.VL53L0X_GetMeasurementTimingBudgetMicroSeconds)
    i.VL53L0X_GetOffsetCalibrationDataMicroMeter 0x080015b8   Section        0  vl53l0x_api.o(i.VL53L0X_GetOffsetCalibrationDataMicroMeter)
    i.VL53L0X_GetRangingMeasurementData      0x080015ce   Section        0  vl53l0x_api.o(i.VL53L0X_GetRangingMeasurementData)
    i.VL53L0X_GetSequenceStepEnables         0x0800173c   Section        0  vl53l0x_api.o(i.VL53L0X_GetSequenceStepEnables)
    i.VL53L0X_GetVcselPulsePeriod            0x080017b2   Section        0  vl53l0x_api.o(i.VL53L0X_GetVcselPulsePeriod)
    i.VL53L0X_GetWrapAroundCheckEnable       0x080017d0   Section        0  vl53l0x_api.o(i.VL53L0X_GetWrapAroundCheckEnable)
    i.VL53L0X_GetXTalkCompensationEnable     0x0800180e   Section        0  vl53l0x_api.o(i.VL53L0X_GetXTalkCompensationEnable)
    i.VL53L0X_GetXTalkCompensationRateMegaCps 0x0800181a   Section        0  vl53l0x_api.o(i.VL53L0X_GetXTalkCompensationRateMegaCps)
    i.VL53L0X_PerformRefCalibration          0x08001852   Section        0  vl53l0x_api.o(i.VL53L0X_PerformRefCalibration)
    i.VL53L0X_PerformRefSpadManagement       0x08001872   Section        0  vl53l0x_api.o(i.VL53L0X_PerformRefSpadManagement)
    i.VL53L0X_PerformSingleMeasurement       0x08001890   Section        0  vl53l0x_api.o(i.VL53L0X_PerformSingleMeasurement)
    i.VL53L0X_PerformSingleRangingMeasurement 0x080018cc   Section        0  vl53l0x_api.o(i.VL53L0X_PerformSingleRangingMeasurement)
    i.VL53L0X_PollingDelay                   0x08001904   Section        0  vl53l0x_platform.o(i.VL53L0X_PollingDelay)
    i.VL53L0X_RdByte                         0x0800190a   Section        0  vl53l0x_platform.o(i.VL53L0X_RdByte)
    i.VL53L0X_RdDWord                        0x08001936   Section        0  vl53l0x_platform.o(i.VL53L0X_RdDWord)
    i.VL53L0X_RdWord                         0x08001962   Section        0  vl53l0x_platform.o(i.VL53L0X_RdWord)
    i.VL53L0X_ReadMulti                      0x0800198e   Section        0  vl53l0x_platform.o(i.VL53L0X_ReadMulti)
    i.VL53L0X_ResetDevice                    0x080019c4   Section        0  vl53l0x_api.o(i.VL53L0X_ResetDevice)
    i.VL53L0X_SetDeviceMode                  0x08001a2a   Section        0  vl53l0x_api.o(i.VL53L0X_SetDeviceMode)
    i.VL53L0X_SetGpioConfig                  0x08001a5c   Section        0  vl53l0x_api.o(i.VL53L0X_SetGpioConfig)
    i.VL53L0X_SetLimitCheckEnable            0x08001bc2   Section        0  vl53l0x_api.o(i.VL53L0X_SetLimitCheckEnable)
    i.VL53L0X_SetLimitCheckValue             0x08001c84   Section        0  vl53l0x_api.o(i.VL53L0X_SetLimitCheckValue)
    i.VL53L0X_SetMeasurementTimingBudgetMicroSeconds 0x08001cfa   Section        0  vl53l0x_api.o(i.VL53L0X_SetMeasurementTimingBudgetMicroSeconds)
    i.VL53L0X_SetSequenceStepEnable          0x08001d10   Section        0  vl53l0x_api.o(i.VL53L0X_SetSequenceStepEnable)
    i.VL53L0X_SetVcselPulsePeriod            0x08001dd4   Section        0  vl53l0x_api.o(i.VL53L0X_SetVcselPulsePeriod)
    i.VL53L0X_StartMeasurement               0x08001df2   Section        0  vl53l0x_api.o(i.VL53L0X_StartMeasurement)
    i.VL53L0X_StaticInit                     0x08001f00   Section        0  vl53l0x_api.o(i.VL53L0X_StaticInit)
    i.VL53L0X_UpdateByte                     0x080020a0   Section        0  vl53l0x_platform.o(i.VL53L0X_UpdateByte)
    i.VL53L0X_WrByte                         0x080020f2   Section        0  vl53l0x_platform.o(i.VL53L0X_WrByte)
    i.VL53L0X_WrWord                         0x0800211e   Section        0  vl53l0x_platform.o(i.VL53L0X_WrWord)
    i.VL53L0X_WriteMulti                     0x0800214a   Section        0  vl53l0x_platform.o(i.VL53L0X_WriteMulti)
    i.VL53L0X_calc_dmax                      0x08002188   Section        0  vl53l0x_api_core.o(i.VL53L0X_calc_dmax)
    i.VL53L0X_calc_macro_period_ps           0x08002314   Section        0  vl53l0x_api_core.o(i.VL53L0X_calc_macro_period_ps)
    i.VL53L0X_calc_sigma_estimate            0x0800232c   Section        0  vl53l0x_api_core.o(i.VL53L0X_calc_sigma_estimate)
    i.VL53L0X_calc_timeout_mclks             0x0800263c   Section        0  vl53l0x_api_core.o(i.VL53L0X_calc_timeout_mclks)
    i.VL53L0X_calc_timeout_us                0x08002670   Section        0  vl53l0x_api_core.o(i.VL53L0X_calc_timeout_us)
    i.VL53L0X_check_part_used                0x080026a4   Section        0  vl53l0x_api_strings.o(i.VL53L0X_check_part_used)
    i.VL53L0X_decode_timeout                 0x080026f4   Section        0  vl53l0x_api_core.o(i.VL53L0X_decode_timeout)
    i.VL53L0X_decode_vcsel_period            0x08002702   Section        0  vl53l0x_api_core.o(i.VL53L0X_decode_vcsel_period)
    i.VL53L0X_device_read_strobe             0x0800270e   Section        0  vl53l0x_api_core.o(i.VL53L0X_device_read_strobe)
    i.VL53L0X_encode_timeout                 0x08002760   Section        0  vl53l0x_api_core.o(i.VL53L0X_encode_timeout)
    i.VL53L0X_encode_vcsel_period            0x08002788   Section        0  vl53l0x_api_core.o(i.VL53L0X_encode_vcsel_period)
    i.VL53L0X_get_device_info                0x08002798   Section        0  vl53l0x_api_strings.o(i.VL53L0X_get_device_info)
    i.VL53L0X_get_info_from_device           0x08002874   Section        0  vl53l0x_api_core.o(i.VL53L0X_get_info_from_device)
    i.VL53L0X_get_measurement_timing_budget_micro_seconds 0x08002dbe   Section        0  vl53l0x_api_core.o(i.VL53L0X_get_measurement_timing_budget_micro_seconds)
    i.VL53L0X_get_offset_calibration_data_micro_meter 0x08002eac   Section        0  vl53l0x_api_calibration.o(i.VL53L0X_get_offset_calibration_data_micro_meter)
    i.VL53L0X_get_pal_range_status           0x08002f02   Section        0  vl53l0x_api_core.o(i.VL53L0X_get_pal_range_status)
    i.VL53L0X_get_total_signal_rate          0x08003136   Section        0  vl53l0x_api_core.o(i.VL53L0X_get_total_signal_rate)
    i.VL53L0X_get_total_xtalk_rate           0x0800315e   Section        0  vl53l0x_api_core.o(i.VL53L0X_get_total_xtalk_rate)
    i.VL53L0X_get_vcsel_pulse_period         0x08003198   Section        0  vl53l0x_api_core.o(i.VL53L0X_get_vcsel_pulse_period)
    i.VL53L0X_isqrt                          0x080031de   Section        0  vl53l0x_api_core.o(i.VL53L0X_isqrt)
    i.VL53L0X_load_tuning_settings           0x0800320a   Section        0  vl53l0x_api_core.o(i.VL53L0X_load_tuning_settings)
    i.VL53L0X_measurement_poll_for_completion 0x080032f4   Section        0  vl53l0x_api_core.o(i.VL53L0X_measurement_poll_for_completion)
    i.VL53L0X_perform_phase_calibration      0x08003336   Section        0  vl53l0x_api_calibration.o(i.VL53L0X_perform_phase_calibration)
    i.VL53L0X_perform_ref_calibration        0x080033b2   Section        0  vl53l0x_api_calibration.o(i.VL53L0X_perform_ref_calibration)
    i.VL53L0X_perform_ref_spad_management    0x080033fe   Section        0  vl53l0x_api_calibration.o(i.VL53L0X_perform_ref_spad_management)
    i.VL53L0X_perform_single_ref_calibration 0x08003690   Section        0  vl53l0x_api_calibration.o(i.VL53L0X_perform_single_ref_calibration)
    i.VL53L0X_perform_vhv_calibration        0x080036d0   Section        0  vl53l0x_api_calibration.o(i.VL53L0X_perform_vhv_calibration)
    i.VL53L0X_read_byte                      0x0800374e   Section        0  vl53l0x_i2c_win_serial_comms.o(i.VL53L0X_read_byte)
    i.VL53L0X_read_dword                     0x08003772   Section        0  vl53l0x_i2c_win_serial_comms.o(i.VL53L0X_read_dword)
    i.VL53L0X_read_multi                     0x080037ac   Section        0  vl53l0x_i2c_win_serial_comms.o(i.VL53L0X_read_multi)
    i.VL53L0X_read_word                      0x080037d4   Section        0  vl53l0x_i2c_win_serial_comms.o(i.VL53L0X_read_word)
    i.VL53L0X_ref_calibration_io             0x080037fe   Section        0  vl53l0x_api_calibration.o(i.VL53L0X_ref_calibration_io)
    i.VL53L0X_set_measurement_timing_budget_micro_seconds 0x080038ae   Section        0  vl53l0x_api_core.o(i.VL53L0X_set_measurement_timing_budget_micro_seconds)
    i.VL53L0X_set_reference_spads            0x080039d4   Section        0  vl53l0x_api_calibration.o(i.VL53L0X_set_reference_spads)
    i.VL53L0X_set_vcsel_pulse_period         0x08003a96   Section        0  vl53l0x_api_core.o(i.VL53L0X_set_vcsel_pulse_period)
    i.VL53L0X_write_byte                     0x08003d94   Section        0  vl53l0x_i2c_win_serial_comms.o(i.VL53L0X_write_byte)
    i.VL53L0X_write_multi                    0x08003db0   Section        0  vl53l0x_i2c_win_serial_comms.o(i.VL53L0X_write_multi)
    i.VL53L0X_write_word                     0x08003dd8   Section        0  vl53l0x_i2c_win_serial_comms.o(i.VL53L0X_write_word)
    i._sys_exit                              0x08003e32   Section        0  usart.o(i._sys_exit)
    i.delay_init                             0x08003e38   Section        0  delay.o(i.delay_init)
    i.delay_ms                               0x08003e7c   Section        0  delay.o(i.delay_ms)
    i.delay_us                               0x08003ec8   Section        0  delay.o(i.delay_us)
    i.enable_ref_spads                       0x08003f14   Section        0  vl53l0x_api_calibration.o(i.enable_ref_spads)
    i.enable_spad_bit                        0x08003fc0   Section        0  vl53l0x_api_calibration.o(i.enable_spad_bit)
    i.fputc                                  0x08003ff4   Section        0  usart.o(i.fputc)
    i.get_next_good_spad                     0x08004010   Section        0  vl53l0x_api_calibration.o(i.get_next_good_spad)
    i.get_ref_spad_map                       0x08004078   Section        0  vl53l0x_api_calibration.o(i.get_ref_spad_map)
    i.get_sequence_step_timeout              0x08004090   Section        0  vl53l0x_api_core.o(i.get_sequence_step_timeout)
    i.is_aperture                            0x080041b4   Section        0  vl53l0x_api_calibration.o(i.is_aperture)
    i.main                                   0x080041cc   Section        0  main.o(i.main)
    i.perform_ref_signal_measurement         0x08004380   Section        0  vl53l0x_api_calibration.o(i.perform_ref_signal_measurement)
    i.sequence_step_enabled                  0x080043ee   Section        0  vl53l0x_api.o(i.sequence_step_enabled)
    i.set_ref_spad_map                       0x08004436   Section        0  vl53l0x_api_calibration.o(i.set_ref_spad_map)
    i.set_sequence_step_timeout              0x0800444e   Section        0  vl53l0x_api_core.o(i.set_sequence_step_timeout)
    i.vl53l0x_Calibration                    0x08004580   Section        0  vl53l0x.o(i.vl53l0x_Calibration)
    i.vl53l0x_Init                           0x080045c0   Section        0  vl53l0x.o(i.vl53l0x_Init)
    i.vl53l0x_Mode_Set                       0x08004620   Section        0  vl53l0x.o(i.vl53l0x_Mode_Set)
    i.vl53l0x_single_test                    0x08004728   Section        0  vl53l0x.o(i.vl53l0x_single_test)
    .data                                    0x20000000   Section       56  vl53l0x.o(.data)
    .data                                    0x20000038   Section       20  system_stm32f10x.o(.data)
    .data                                    0x2000004c   Section        4  delay.o(.data)
    fac_us                                   0x2000004c   Data           1  delay.o(.data)
    fac_ms                                   0x2000004e   Data           2  delay.o(.data)
    .data                                    0x20000050   Section        4  usart.o(.data)
    .data                                    0x20000054   Section       20  stm32f10x_rcc.o(.data)
    APBAHBPrescTable                         0x20000054   Data          16  stm32f10x_rcc.o(.data)
    ADCPrescTable                            0x20000064   Data           4  stm32f10x_rcc.o(.data)
    .data                                    0x20000068   Section      681  vl53l0x_api.o(.data)
    .data                                    0x20000314   Section       16  vl53l0x_api_calibration.o(.data)
    .bss                                     0x20000324   Section      479  main.o(.bss)
    .bss                                     0x20000504   Section       96  libspace.o(.bss)
    HEAP                                     0x20000568   Section      512  startup_stm32f10x_md.o(HEAP)
    Heap_Mem                                 0x20000568   Data         512  startup_stm32f10x_md.o(HEAP)
    STACK                                    0x20000768   Section     1024  startup_stm32f10x_md.o(STACK)
    Stack_Mem                                0x20000768   Data        1024  startup_stm32f10x_md.o(STACK)
    __initial_sp                             0x20000b68   Data           0  startup_stm32f10x_md.o(STACK)

    Global Symbols

    Symbol Name                              Value     Ov Type        Size  Object(Section)

    BuildAttributes$$THM_ISAv4$P$D$K$B$S$PE$A:L22UL41UL21$X:L11$S22US41US21$IEEE1$IW$USESV6$~STKCKD$USESV7$~SHL$OSPACE$ROPI$EBA8$UX$STANDARDLIB$REQ8$PRES8$EABIv2 0x00000000   Number         0  anon$$obj.o ABSOLUTE
    __ARM_use_no_argv                        0x00000000   Number         0  main.o ABSOLUTE
    __ARM_exceptions_init                     - Undefined Weak Reference
    __alloca_initialize                       - Undefined Weak Reference
    __arm_preinit_                            - Undefined Weak Reference
    __cpp_initialize__aeabi_                  - Undefined Weak Reference
    __cxa_finalize                            - Undefined Weak Reference
    __rt_locale                               - Undefined Weak Reference
    __sigvec_lookup                           - Undefined Weak Reference
    _atexit_init                              - Undefined Weak Reference
    _call_atexit_fns                          - Undefined Weak Reference
    _clock_init                               - Undefined Weak Reference
    _fp_trap_init                             - Undefined Weak Reference
    _fp_trap_shutdown                         - Undefined Weak Reference
    _get_lc_collate                           - Undefined Weak Reference
    _get_lc_ctype                             - Undefined Weak Reference
    _get_lc_monetary                          - Undefined Weak Reference
    _get_lc_numeric                           - Undefined Weak Reference
    _get_lc_time                              - Undefined Weak Reference
    _getenv_init                              - Undefined Weak Reference
    _handle_redirection                       - Undefined Weak Reference
    _init_alloc                               - Undefined Weak Reference
    _init_user_alloc                          - Undefined Weak Reference
    _initio                                   - Undefined Weak Reference
    _mutex_acquire                            - Undefined Weak Reference
    _mutex_release                            - Undefined Weak Reference
    _printf_mbtowc                            - Undefined Weak Reference
    _printf_post_padding                      - Undefined Weak Reference
    _printf_pre_padding                       - Undefined Weak Reference
    _printf_truncate_signed                   - Undefined Weak Reference
    _printf_truncate_unsigned                 - Undefined Weak Reference
    _rand_init                                - Undefined Weak Reference
    _signal_finish                            - Undefined Weak Reference
    _signal_init                              - Undefined Weak Reference
    _terminate_alloc                          - Undefined Weak Reference
    _terminate_user_alloc                     - Undefined Weak Reference
    _terminateio                              - Undefined Weak Reference
    __Vectors_Size                           0x000000ec   Number         0  startup_stm32f10x_md.o ABSOLUTE
    __Vectors                                0x08000000   Data           4  startup_stm32f10x_md.o(RESET)
    __Vectors_End                            0x080000ec   Data           0  startup_stm32f10x_md.o(RESET)
    __main                                   0x080000ed   Thumb Code     8  __main.o(!!!main)
    __scatterload                            0x080000f5   Thumb Code     0  __scatter.o(!!!scatter)
    __scatterload_rt2                        0x080000f5   Thumb Code    44  __scatter.o(!!!scatter)
    __scatterload_rt2_thumb_only             0x080000f5   Thumb Code     0  __scatter.o(!!!scatter)
    __scatterload_null                       0x08000103   Thumb Code     0  __scatter.o(!!!scatter)
    __decompress                             0x08000129   Thumb Code   100  __dclz77c.o(!!dclz77c)
    __decompress2                            0x08000129   Thumb Code     0  __dclz77c.o(!!dclz77c)
    __scatterload_zeroinit                   0x0800018d   Thumb Code    28  __scatter_zi.o(!!handler_zi)
    _printf_d                                0x080001a9   Thumb Code     0  _printf_d.o(.ARM.Collect$$_printf_percent$$00000009)
    _printf_percent                          0x080001a9   Thumb Code     0  _printf_percent.o(.ARM.Collect$$_printf_percent$$00000000)
    _printf_s                                0x080001af   Thumb Code     0  _printf_s.o(.ARM.Collect$$_printf_percent$$00000014)
    _printf_percent_end                      0x080001b5   Thumb Code     0  _printf_percent_end.o(.ARM.Collect$$_printf_percent$$00000017)
    __rt_lib_init                            0x080001b9   Thumb Code     0  libinit.o(.ARM.Collect$$libinit$$00000000)
    __rt_lib_init_alloca_1                   0x080001bb   Thumb Code     0  libinit2.o(.ARM.Collect$$libinit$$0000002E)
    __rt_lib_init_argv_1                     0x080001bb   Thumb Code     0  libinit2.o(.ARM.Collect$$libinit$$0000002C)
    __rt_lib_init_atexit_1                   0x080001bb   Thumb Code     0  libinit2.o(.ARM.Collect$$libinit$$0000001B)
    __rt_lib_init_clock_1                    0x080001bb   Thumb Code     0  libinit2.o(.ARM.Collect$$libinit$$00000021)
    __rt_lib_init_cpp_1                      0x080001bb   Thumb Code     0  libinit2.o(.ARM.Collect$$libinit$$00000032)
    __rt_lib_init_exceptions_1               0x080001bb   Thumb Code     0  libinit2.o(.ARM.Collect$$libinit$$00000030)
    __rt_lib_init_fp_1                       0x080001bb   Thumb Code     0  libinit2.o(.ARM.Collect$$libinit$$00000002)
    __rt_lib_init_fp_trap_1                  0x080001bb   Thumb Code     0  libinit2.o(.ARM.Collect$$libinit$$0000001F)
    __rt_lib_init_getenv_1                   0x080001bb   Thumb Code     0  libinit2.o(.ARM.Collect$$libinit$$00000023)
    __rt_lib_init_heap_1                     0x080001bb   Thumb Code     0  libinit2.o(.ARM.Collect$$libinit$$0000000A)
    __rt_lib_init_lc_collate_1               0x080001bb   Thumb Code     0  libinit2.o(.ARM.Collect$$libinit$$00000011)
    __rt_lib_init_lc_ctype_1                 0x080001bb   Thumb Code     0  libinit2.o(.ARM.Collect$$libinit$$00000013)
    __rt_lib_init_lc_monetary_1              0x080001bb   Thumb Code     0  libinit2.o(.ARM.Collect$$libinit$$00000015)
    __rt_lib_init_lc_numeric_1               0x080001bb   Thumb Code     0  libinit2.o(.ARM.Collect$$libinit$$00000017)
    __rt_lib_init_lc_time_1                  0x080001bb   Thumb Code     0  libinit2.o(.ARM.Collect$$libinit$$00000019)
    __rt_lib_init_preinit_1                  0x080001bb   Thumb Code     0  libinit2.o(.ARM.Collect$$libinit$$00000004)
    __rt_lib_init_rand_1                     0x080001bb   Thumb Code     0  libinit2.o(.ARM.Collect$$libinit$$0000000E)
    __rt_lib_init_return                     0x080001bb   Thumb Code     0  libinit2.o(.ARM.Collect$$libinit$$00000033)
    __rt_lib_init_signal_1                   0x080001bb   Thumb Code     0  libinit2.o(.ARM.Collect$$libinit$$0000001D)
    __rt_lib_init_stdio_1                    0x080001bb   Thumb Code     0  libinit2.o(.ARM.Collect$$libinit$$00000025)
    __rt_lib_init_user_alloc_1               0x080001bb   Thumb Code     0  libinit2.o(.ARM.Collect$$libinit$$0000000C)
    __rt_lib_shutdown                        0x080001bd   Thumb Code     0  libshutdown.o(.ARM.Collect$$libshutdown$$00000000)
    __rt_lib_shutdown_cpp_1                  0x080001bf   Thumb Code     0  libshutdown2.o(.ARM.Collect$$libshutdown$$00000002)
    __rt_lib_shutdown_fp_trap_1              0x080001bf   Thumb Code     0  libshutdown2.o(.ARM.Collect$$libshutdown$$00000007)
    __rt_lib_shutdown_heap_1                 0x080001bf   Thumb Code     0  libshutdown2.o(.ARM.Collect$$libshutdown$$0000000F)
    __rt_lib_shutdown_return                 0x080001bf   Thumb Code     0  libshutdown2.o(.ARM.Collect$$libshutdown$$00000010)
    __rt_lib_shutdown_signal_1               0x080001bf   Thumb Code     0  libshutdown2.o(.ARM.Collect$$libshutdown$$0000000A)
    __rt_lib_shutdown_stdio_1                0x080001bf   Thumb Code     0  libshutdown2.o(.ARM.Collect$$libshutdown$$00000004)
    __rt_lib_shutdown_user_alloc_1           0x080001bf   Thumb Code     0  libshutdown2.o(.ARM.Collect$$libshutdown$$0000000C)
    __rt_entry                               0x080001c1   Thumb Code     0  __rtentry.o(.ARM.Collect$$rtentry$$00000000)
    __rt_entry_presh_1                       0x080001c1   Thumb Code     0  __rtentry2.o(.ARM.Collect$$rtentry$$00000002)
    __rt_entry_sh                            0x080001c1   Thumb Code     0  __rtentry4.o(.ARM.Collect$$rtentry$$00000004)
    __rt_entry_li                            0x080001c7   Thumb Code     0  __rtentry2.o(.ARM.Collect$$rtentry$$0000000A)
    __rt_entry_postsh_1                      0x080001c7   Thumb Code     0  __rtentry2.o(.ARM.Collect$$rtentry$$00000009)
    __rt_entry_main                          0x080001cb   Thumb Code     0  __rtentry2.o(.ARM.Collect$$rtentry$$0000000D)
    __rt_entry_postli_1                      0x080001cb   Thumb Code     0  __rtentry2.o(.ARM.Collect$$rtentry$$0000000C)
    __rt_exit                                0x080001d3   Thumb Code     0  rtexit.o(.ARM.Collect$$rtexit$$00000000)
    __rt_exit_ls                             0x080001d5   Thumb Code     0  rtexit2.o(.ARM.Collect$$rtexit$$00000003)
    __rt_exit_prels_1                        0x080001d5   Thumb Code     0  rtexit2.o(.ARM.Collect$$rtexit$$00000002)
    __rt_exit_exit                           0x080001d9   Thumb Code     0  rtexit2.o(.ARM.Collect$$rtexit$$00000004)
    Reset_Handler                            0x080001e1   Thumb Code     8  startup_stm32f10x_md.o(.text)
    ADC1_2_IRQHandler                        0x080001fb   Thumb Code     0  startup_stm32f10x_md.o(.text)
    CAN1_RX1_IRQHandler                      0x080001fb   Thumb Code     0  startup_stm32f10x_md.o(.text)
    CAN1_SCE_IRQHandler                      0x080001fb   Thumb Code     0  startup_stm32f10x_md.o(.text)
    DMA1_Channel1_IRQHandler                 0x080001fb   Thumb Code     0  startup_stm32f10x_md.o(.text)
    DMA1_Channel2_IRQHandler                 0x080001fb   Thumb Code     0  startup_stm32f10x_md.o(.text)
    DMA1_Channel3_IRQHandler                 0x080001fb   Thumb Code     0  startup_stm32f10x_md.o(.text)
    DMA1_Channel4_IRQHandler                 0x080001fb   Thumb Code     0  startup_stm32f10x_md.o(.text)
    DMA1_Channel5_IRQHandler                 0x080001fb   Thumb Code     0  startup_stm32f10x_md.o(.text)
    DMA1_Channel6_IRQHandler                 0x080001fb   Thumb Code     0  startup_stm32f10x_md.o(.text)
    DMA1_Channel7_IRQHandler                 0x080001fb   Thumb Code     0  startup_stm32f10x_md.o(.text)
    EXTI0_IRQHandler                         0x080001fb   Thumb Code     0  startup_stm32f10x_md.o(.text)
    EXTI15_10_IRQHandler                     0x080001fb   Thumb Code     0  startup_stm32f10x_md.o(.text)
    EXTI1_IRQHandler                         0x080001fb   Thumb Code     0  startup_stm32f10x_md.o(.text)
    EXTI2_IRQHandler                         0x080001fb   Thumb Code     0  startup_stm32f10x_md.o(.text)
    EXTI3_IRQHandler                         0x080001fb   Thumb Code     0  startup_stm32f10x_md.o(.text)
    EXTI4_IRQHandler                         0x080001fb   Thumb Code     0  startup_stm32f10x_md.o(.text)
    EXTI9_5_IRQHandler                       0x080001fb   Thumb Code     0  startup_stm32f10x_md.o(.text)
    FLASH_IRQHandler                         0x080001fb   Thumb Code     0  startup_stm32f10x_md.o(.text)
    I2C1_ER_IRQHandler                       0x080001fb   Thumb Code     0  startup_stm32f10x_md.o(.text)
    I2C1_EV_IRQHandler                       0x080001fb   Thumb Code     0  startup_stm32f10x_md.o(.text)
    I2C2_ER_IRQHandler                       0x080001fb   Thumb Code     0  startup_stm32f10x_md.o(.text)
    I2C2_EV_IRQHandler                       0x080001fb   Thumb Code     0  startup_stm32f10x_md.o(.text)
    PVD_IRQHandler                           0x080001fb   Thumb Code     0  startup_stm32f10x_md.o(.text)
    RCC_IRQHandler                           0x080001fb   Thumb Code     0  startup_stm32f10x_md.o(.text)
    RTCAlarm_IRQHandler                      0x080001fb   Thumb Code     0  startup_stm32f10x_md.o(.text)
    RTC_IRQHandler                           0x080001fb   Thumb Code     0  startup_stm32f10x_md.o(.text)
    SPI1_IRQHandler                          0x080001fb   Thumb Code     0  startup_stm32f10x_md.o(.text)
    SPI2_IRQHandler                          0x080001fb   Thumb Code     0  startup_stm32f10x_md.o(.text)
    TAMPER_IRQHandler                        0x080001fb   Thumb Code     0  startup_stm32f10x_md.o(.text)
    TIM1_BRK_IRQHandler                      0x080001fb   Thumb Code     0  startup_stm32f10x_md.o(.text)
    TIM1_CC_IRQHandler                       0x080001fb   Thumb Code     0  startup_stm32f10x_md.o(.text)
    TIM1_TRG_COM_IRQHandler                  0x080001fb   Thumb Code     0  startup_stm32f10x_md.o(.text)
    TIM1_UP_IRQHandler                       0x080001fb   Thumb Code     0  startup_stm32f10x_md.o(.text)
    TIM2_IRQHandler                          0x080001fb   Thumb Code     0  startup_stm32f10x_md.o(.text)
    TIM3_IRQHandler                          0x080001fb   Thumb Code     0  startup_stm32f10x_md.o(.text)
    TIM4_IRQHandler                          0x080001fb   Thumb Code     0  startup_stm32f10x_md.o(.text)
    USART1_IRQHandler                        0x080001fb   Thumb Code     0  startup_stm32f10x_md.o(.text)
    USART2_IRQHandler                        0x080001fb   Thumb Code     0  startup_stm32f10x_md.o(.text)
    USART3_IRQHandler                        0x080001fb   Thumb Code     0  startup_stm32f10x_md.o(.text)
    USBWakeUp_IRQHandler                     0x080001fb   Thumb Code     0  startup_stm32f10x_md.o(.text)
    USB_HP_CAN1_TX_IRQHandler                0x080001fb   Thumb Code     0  startup_stm32f10x_md.o(.text)
    USB_LP_CAN1_RX0_IRQHandler               0x080001fb   Thumb Code     0  startup_stm32f10x_md.o(.text)
    WWDG_IRQHandler                          0x080001fb   Thumb Code     0  startup_stm32f10x_md.o(.text)
    __user_initial_stackheap                 0x080001fd   Thumb Code     0  startup_stm32f10x_md.o(.text)
    __use_no_semihosting                     0x08000221   Thumb Code     2  use_no_semi_2.o(.text)
    __2printf                                0x08000225   Thumb Code    20  noretval__2printf.o(.text)
    __printf                                 0x0800023d   Thumb Code   104  __printf.o(.text)
    _printf_str                              0x080002a5   Thumb Code    82  _printf_str.o(.text)
    _printf_int_dec                          0x080002f9   Thumb Code   104  _printf_dec.o(.text)
    strcpy                                   0x08000371   Thumb Code    72  strcpy.o(.text)
    __aeabi_memcpy4                          0x080003b9   Thumb Code     0  rt_memcpy_w.o(.text)
    __aeabi_memcpy8                          0x080003b9   Thumb Code     0  rt_memcpy_w.o(.text)
    __rt_memcpy_w                            0x080003b9   Thumb Code   100  rt_memcpy_w.o(.text)
    _memcpy_lastbytes_aligned                0x08000401   Thumb Code     0  rt_memcpy_w.o(.text)
    __aeabi_memclr4                          0x0800041d   Thumb Code     0  rt_memclr_w.o(.text)
    __aeabi_memclr8                          0x0800041d   Thumb Code     0  rt_memclr_w.o(.text)
    __rt_memclr_w                            0x0800041d   Thumb Code    78  rt_memclr_w.o(.text)
    _memset_w                                0x08000421   Thumb Code     0  rt_memclr_w.o(.text)
    __use_two_region_memory                  0x0800046b   Thumb Code     2  heapauxi.o(.text)
    __rt_heap_escrow$2region                 0x0800046d   Thumb Code     2  heapauxi.o(.text)
    __rt_heap_expand$2region                 0x0800046f   Thumb Code     2  heapauxi.o(.text)
    __I$use$semihosting                      0x08000471   Thumb Code     0  use_no_semi.o(.text)
    __use_no_semihosting_swi                 0x08000471   Thumb Code     2  use_no_semi.o(.text)
    _printf_int_common                       0x08000473   Thumb Code   178  _printf_intcommon.o(.text)
    _printf_cs_common                        0x08000525   Thumb Code    20  _printf_char.o(.text)
    _printf_char                             0x08000539   Thumb Code    16  _printf_char.o(.text)
    _printf_string                           0x08000549   Thumb Code     8  _printf_char.o(.text)
    _printf_char_file                        0x08000551   Thumb Code    32  _printf_char_file.o(.text)
    _printf_char_common                      0x0800057f   Thumb Code    32  _printf_char_common.o(.text)
    ferror                                   0x080005a5   Thumb Code     8  ferror.o(.text)
    __user_setup_stackheap                   0x080005ad   Thumb Code    74  sys_stackheap_outer.o(.text)
    exit                                     0x080005f7   Thumb Code    18  exit.o(.text)
    __user_libspace                          0x08000609   Thumb Code     8  libspace.o(.text)
    __user_perproc_libspace                  0x08000609   Thumb Code     0  libspace.o(.text)
    __user_perthread_libspace                0x08000609   Thumb Code     0  libspace.o(.text)
    BusFault_Handler                         0x08000611   Thumb Code     4  stm32f10x_it.o(i.BusFault_Handler)
    DebugMon_Handler                         0x08000615   Thumb Code     2  stm32f10x_it.o(i.DebugMon_Handler)
    GPIO_Init                                0x08000617   Thumb Code   278  stm32f10x_gpio.o(i.GPIO_Init)
    GPIO_SetBits                             0x0800072d   Thumb Code     4  stm32f10x_gpio.o(i.GPIO_SetBits)
    HardFault_Handler                        0x08000731   Thumb Code     4  stm32f10x_it.o(i.HardFault_Handler)
    IIC_Ack                                  0x08000735   Thumb Code    66  vl_iic.o(i.IIC_Ack)
    IIC_Init                                 0x08000785   Thumb Code    96  vl_iic.o(i.IIC_Init)
    IIC_NAck                                 0x080007e9   Thumb Code    66  vl_iic.o(i.IIC_NAck)
    IIC_Read_Byte                            0x08000839   Thumb Code   104  vl_iic.o(i.IIC_Read_Byte)
    IIC_Read_multiByte                       0x080008ad   Thumb Code   112  vl_iic.o(i.IIC_Read_multiByte)
    IIC_Send_Byte                            0x0800091d   Thumb Code   104  vl_iic.o(i.IIC_Send_Byte)
    IIC_Start                                0x08000991   Thumb Code    64  vl_iic.o(i.IIC_Start)
    IIC_Stop                                 0x080009dd   Thumb Code    62  vl_iic.o(i.IIC_Stop)
    IIC_Wait_Ack                             0x08000a29   Thumb Code    86  vl_iic.o(i.IIC_Wait_Ack)
    IIC_Write_multiByte                      0x08000a8d   Thumb Code    92  vl_iic.o(i.IIC_Write_multiByte)
    MemManage_Handler                        0x08000ae9   Thumb Code     4  stm32f10x_it.o(i.MemManage_Handler)
    NMI_Handler                              0x08000aed   Thumb Code     2  stm32f10x_it.o(i.NMI_Handler)
    NVIC_Init                                0x08000af1   Thumb Code   100  misc.o(i.NVIC_Init)
    PendSV_Handler                           0x08000b61   Thumb Code     2  stm32f10x_it.o(i.PendSV_Handler)
    RCC_ADCCLKConfig                         0x08000b65   Thumb Code    18  stm32f10x_rcc.o(i.RCC_ADCCLKConfig)
    RCC_APB2PeriphClockCmd                   0x08000b7d   Thumb Code    26  stm32f10x_rcc.o(i.RCC_APB2PeriphClockCmd)
    RCC_Configuration                        0x08000b9d   Thumb Code    98  system_stm32f10x.o(i.RCC_Configuration)
    RCC_DeInit                               0x08000c01   Thumb Code    64  stm32f10x_rcc.o(i.RCC_DeInit)
    RCC_GetClocksFreq                        0x08000c4d   Thumb Code   192  stm32f10x_rcc.o(i.RCC_GetClocksFreq)
    RCC_GetFlagStatus                        0x08000d21   Thumb Code    56  stm32f10x_rcc.o(i.RCC_GetFlagStatus)
    RCC_GetSYSCLKSource                      0x08000d5d   Thumb Code    10  stm32f10x_rcc.o(i.RCC_GetSYSCLKSource)
    RCC_HCLKConfig                           0x08000d6d   Thumb Code    18  stm32f10x_rcc.o(i.RCC_HCLKConfig)
    RCC_HSICmd                               0x08000d85   Thumb Code     6  stm32f10x_rcc.o(i.RCC_HSICmd)
    RCC_PCLK1Config                          0x08000d91   Thumb Code    18  stm32f10x_rcc.o(i.RCC_PCLK1Config)
    RCC_PCLK2Config                          0x08000da9   Thumb Code    20  stm32f10x_rcc.o(i.RCC_PCLK2Config)
    RCC_PLLCmd                               0x08000dc1   Thumb Code     6  stm32f10x_rcc.o(i.RCC_PLLCmd)
    RCC_PLLConfig                            0x08000dcd   Thumb Code    24  stm32f10x_rcc.o(i.RCC_PLLConfig)
    RCC_SYSCLKConfig                         0x08000de9   Thumb Code    18  stm32f10x_rcc.o(i.RCC_SYSCLKConfig)
    SVC_Handler                              0x08000e01   Thumb Code     2  stm32f10x_it.o(i.SVC_Handler)
    SysTick_CLKSourceConfig                  0x08000e03   Thumb Code    40  misc.o(i.SysTick_CLKSourceConfig)
    SysTick_Handler                          0x08000e2b   Thumb Code     2  stm32f10x_it.o(i.SysTick_Handler)
    SystemInit                               0x08000e2d   Thumb Code    78  system_stm32f10x.o(i.SystemInit)
    USART_Cmd                                0x08000e8d   Thumb Code    24  stm32f10x_usart.o(i.USART_Cmd)
    USART_ITConfig                           0x08000ea5   Thumb Code    74  stm32f10x_usart.o(i.USART_ITConfig)
    USART_Init                               0x08000ef1   Thumb Code   210  stm32f10x_usart.o(i.USART_Init)
    Uart1Init                                0x08000fc9   Thumb Code   154  usart.o(i.Uart1Init)
    UsageFault_Handler                       0x0800106d   Thumb Code     4  stm32f10x_it.o(i.UsageFault_Handler)
    VL53L0X_CheckAndLoadInterruptSettings    0x08001071   Thumb Code   126  vl53l0x_api.o(i.VL53L0X_CheckAndLoadInterruptSettings)
    VL53L0X_ClearInterruptMask               0x080010f5   Thumb Code    82  vl53l0x_api.o(i.VL53L0X_ClearInterruptMask)
    VL53L0X_DataInit                         0x08001149   Thumb Code   406  vl53l0x_api.o(i.VL53L0X_DataInit)
    VL53L0X_GetDeviceInfo                    0x080012e9   Thumb Code    22  vl53l0x_api.o(i.VL53L0X_GetDeviceInfo)
    VL53L0X_GetDeviceMode                    0x080012ff   Thumb Code    10  vl53l0x_api.o(i.VL53L0X_GetDeviceMode)
    VL53L0X_GetDeviceParameters              0x08001309   Thumb Code   160  vl53l0x_api.o(i.VL53L0X_GetDeviceParameters)
    VL53L0X_GetFractionEnable                0x080013a9   Thumb Code    34  vl53l0x_api.o(i.VL53L0X_GetFractionEnable)
    VL53L0X_GetInterMeasurementPeriodMilliSeconds 0x080013cb   Thumb Code    62  vl53l0x_api.o(i.VL53L0X_GetInterMeasurementPeriodMilliSeconds)
    VL53L0X_GetInterruptMaskStatus           0x08001409   Thumb Code    48  vl53l0x_api.o(i.VL53L0X_GetInterruptMaskStatus)
    VL53L0X_GetInterruptThresholds           0x08001439   Thumb Code    66  vl53l0x_api.o(i.VL53L0X_GetInterruptThresholds)
    VL53L0X_GetLimitCheckEnable              0x0800147b   Thumb Code    28  vl53l0x_api.o(i.VL53L0X_GetLimitCheckEnable)
    VL53L0X_GetLimitCheckValue               0x08001497   Thumb Code   182  vl53l0x_api.o(i.VL53L0X_GetLimitCheckValue)
    VL53L0X_GetMeasurementDataReady          0x0800154d   Thumb Code    86  vl53l0x_api.o(i.VL53L0X_GetMeasurementDataReady)
    VL53L0X_GetMeasurementTimingBudgetMicroSeconds 0x080015a3   Thumb Code    22  vl53l0x_api.o(i.VL53L0X_GetMeasurementTimingBudgetMicroSeconds)
    VL53L0X_GetOffsetCalibrationDataMicroMeter 0x080015b9   Thumb Code    22  vl53l0x_api.o(i.VL53L0X_GetOffsetCalibrationDataMicroMeter)
    VL53L0X_GetRangingMeasurementData        0x080015cf   Thumb Code   366  vl53l0x_api.o(i.VL53L0X_GetRangingMeasurementData)
    VL53L0X_GetSequenceStepEnables           0x0800173d   Thumb Code   118  vl53l0x_api.o(i.VL53L0X_GetSequenceStepEnables)
    VL53L0X_GetVcselPulsePeriod              0x080017b3   Thumb Code    30  vl53l0x_api.o(i.VL53L0X_GetVcselPulsePeriod)
    VL53L0X_GetWrapAroundCheckEnable         0x080017d1   Thumb Code    62  vl53l0x_api.o(i.VL53L0X_GetWrapAroundCheckEnable)
    VL53L0X_GetXTalkCompensationEnable       0x0800180f   Thumb Code    12  vl53l0x_api.o(i.VL53L0X_GetXTalkCompensationEnable)
    VL53L0X_GetXTalkCompensationRateMegaCps  0x0800181b   Thumb Code    56  vl53l0x_api.o(i.VL53L0X_GetXTalkCompensationRateMegaCps)
    VL53L0X_PerformRefCalibration            0x08001853   Thumb Code    32  vl53l0x_api.o(i.VL53L0X_PerformRefCalibration)
    VL53L0X_PerformRefSpadManagement         0x08001873   Thumb Code    30  vl53l0x_api.o(i.VL53L0X_PerformRefSpadManagement)
    VL53L0X_PerformSingleMeasurement         0x08001891   Thumb Code    60  vl53l0x_api.o(i.VL53L0X_PerformSingleMeasurement)
    VL53L0X_PerformSingleRangingMeasurement  0x080018cd   Thumb Code    56  vl53l0x_api.o(i.VL53L0X_PerformSingleRangingMeasurement)
    VL53L0X_PollingDelay                     0x08001905   Thumb Code     6  vl53l0x_platform.o(i.VL53L0X_PollingDelay)
    VL53L0X_RdByte                           0x0800190b   Thumb Code    44  vl53l0x_platform.o(i.VL53L0X_RdByte)
    VL53L0X_RdDWord                          0x08001937   Thumb Code    44  vl53l0x_platform.o(i.VL53L0X_RdDWord)
    VL53L0X_RdWord                           0x08001963   Thumb Code    44  vl53l0x_platform.o(i.VL53L0X_RdWord)
    VL53L0X_ReadMulti                        0x0800198f   Thumb Code    54  vl53l0x_platform.o(i.VL53L0X_ReadMulti)
    VL53L0X_ResetDevice                      0x080019c5   Thumb Code   102  vl53l0x_api.o(i.VL53L0X_ResetDevice)
    VL53L0X_SetDeviceMode                    0x08001a2b   Thumb Code    50  vl53l0x_api.o(i.VL53L0X_SetDeviceMode)
    VL53L0X_SetGpioConfig                    0x08001a5d   Thumb Code   358  vl53l0x_api.o(i.VL53L0X_SetGpioConfig)
    VL53L0X_SetLimitCheckEnable              0x08001bc3   Thumb Code   194  vl53l0x_api.o(i.VL53L0X_SetLimitCheckEnable)
    VL53L0X_SetLimitCheckValue               0x08001c85   Thumb Code   118  vl53l0x_api.o(i.VL53L0X_SetLimitCheckValue)
    VL53L0X_SetMeasurementTimingBudgetMicroSeconds 0x08001cfb   Thumb Code    22  vl53l0x_api.o(i.VL53L0X_SetMeasurementTimingBudgetMicroSeconds)
    VL53L0X_SetSequenceStepEnable            0x08001d11   Thumb Code   196  vl53l0x_api.o(i.VL53L0X_SetSequenceStepEnable)
    VL53L0X_SetVcselPulsePeriod              0x08001dd5   Thumb Code    30  vl53l0x_api.o(i.VL53L0X_SetVcselPulsePeriod)
    VL53L0X_StartMeasurement                 0x08001df3   Thumb Code   268  vl53l0x_api.o(i.VL53L0X_StartMeasurement)
    VL53L0X_StaticInit                       0x08001f01   Thumb Code   410  vl53l0x_api.o(i.VL53L0X_StaticInit)
    VL53L0X_UpdateByte                       0x080020a1   Thumb Code    82  vl53l0x_platform.o(i.VL53L0X_UpdateByte)
    VL53L0X_WrByte                           0x080020f3   Thumb Code    44  vl53l0x_platform.o(i.VL53L0X_WrByte)
    VL53L0X_WrWord                           0x0800211f   Thumb Code    44  vl53l0x_platform.o(i.VL53L0X_WrWord)
    VL53L0X_WriteMulti                       0x0800214b   Thumb Code    60  vl53l0x_platform.o(i.VL53L0X_WriteMulti)
    VL53L0X_calc_dmax                        0x08002189   Thumb Code   390  vl53l0x_api_core.o(i.VL53L0X_calc_dmax)
    VL53L0X_calc_macro_period_ps             0x08002315   Thumb Code    22  vl53l0x_api_core.o(i.VL53L0X_calc_macro_period_ps)
    VL53L0X_calc_sigma_estimate              0x0800232d   Thumb Code   772  vl53l0x_api_core.o(i.VL53L0X_calc_sigma_estimate)
    VL53L0X_calc_timeout_mclks               0x0800263d   Thumb Code    52  vl53l0x_api_core.o(i.VL53L0X_calc_timeout_mclks)
    VL53L0X_calc_timeout_us                  0x08002671   Thumb Code    52  vl53l0x_api_core.o(i.VL53L0X_calc_timeout_us)
    VL53L0X_check_part_used                  0x080026a5   Thumb Code    74  vl53l0x_api_strings.o(i.VL53L0X_check_part_used)
    VL53L0X_decode_timeout                   0x080026f5   Thumb Code    14  vl53l0x_api_core.o(i.VL53L0X_decode_timeout)
    VL53L0X_decode_vcsel_period              0x08002703   Thumb Code    12  vl53l0x_api_core.o(i.VL53L0X_decode_vcsel_period)
    VL53L0X_device_read_strobe               0x0800270f   Thumb Code    82  vl53l0x_api_core.o(i.VL53L0X_device_read_strobe)
    VL53L0X_encode_timeout                   0x08002761   Thumb Code    40  vl53l0x_api_core.o(i.VL53L0X_encode_timeout)
    VL53L0X_encode_vcsel_period              0x08002789   Thumb Code    14  vl53l0x_api_core.o(i.VL53L0X_encode_vcsel_period)
    VL53L0X_get_device_info                  0x08002799   Thumb Code   152  vl53l0x_api_strings.o(i.VL53L0X_get_device_info)
    VL53L0X_get_info_from_device             0x08002875   Thumb Code  1354  vl53l0x_api_core.o(i.VL53L0X_get_info_from_device)
    VL53L0X_get_measurement_timing_budget_micro_seconds 0x08002dbf   Thumb Code   238  vl53l0x_api_core.o(i.VL53L0X_get_measurement_timing_budget_micro_seconds)
    VL53L0X_get_offset_calibration_data_micro_meter 0x08002ead   Thumb Code    86  vl53l0x_api_calibration.o(i.VL53L0X_get_offset_calibration_data_micro_meter)
    VL53L0X_get_pal_range_status             0x08002f03   Thumb Code   564  vl53l0x_api_core.o(i.VL53L0X_get_pal_range_status)
    VL53L0X_get_total_signal_rate            0x08003137   Thumb Code    40  vl53l0x_api_core.o(i.VL53L0X_get_total_signal_rate)
    VL53L0X_get_total_xtalk_rate             0x0800315f   Thumb Code    58  vl53l0x_api_core.o(i.VL53L0X_get_total_xtalk_rate)
    VL53L0X_get_vcsel_pulse_period           0x08003199   Thumb Code    70  vl53l0x_api_core.o(i.VL53L0X_get_vcsel_pulse_period)
    VL53L0X_isqrt                            0x080031df   Thumb Code    44  vl53l0x_api_core.o(i.VL53L0X_isqrt)
    VL53L0X_load_tuning_settings             0x0800320b   Thumb Code   234  vl53l0x_api_core.o(i.VL53L0X_load_tuning_settings)
    VL53L0X_measurement_poll_for_completion  0x080032f5   Thumb Code    66  vl53l0x_api_core.o(i.VL53L0X_measurement_poll_for_completion)
    VL53L0X_perform_phase_calibration        0x08003337   Thumb Code   124  vl53l0x_api_calibration.o(i.VL53L0X_perform_phase_calibration)
    VL53L0X_perform_ref_calibration          0x080033b3   Thumb Code    76  vl53l0x_api_calibration.o(i.VL53L0X_perform_ref_calibration)
    VL53L0X_perform_ref_spad_management      0x080033ff   Thumb Code   658  vl53l0x_api_calibration.o(i.VL53L0X_perform_ref_spad_management)
    VL53L0X_perform_single_ref_calibration   0x08003691   Thumb Code    64  vl53l0x_api_calibration.o(i.VL53L0X_perform_single_ref_calibration)
    VL53L0X_perform_vhv_calibration          0x080036d1   Thumb Code   126  vl53l0x_api_calibration.o(i.VL53L0X_perform_vhv_calibration)
    VL53L0X_read_byte                        0x0800374f   Thumb Code    36  vl53l0x_i2c_win_serial_comms.o(i.VL53L0X_read_byte)
    VL53L0X_read_dword                       0x08003773   Thumb Code    58  vl53l0x_i2c_win_serial_comms.o(i.VL53L0X_read_dword)
    VL53L0X_read_multi                       0x080037ad   Thumb Code    40  vl53l0x_i2c_win_serial_comms.o(i.VL53L0X_read_multi)
    VL53L0X_read_word                        0x080037d5   Thumb Code    42  vl53l0x_i2c_win_serial_comms.o(i.VL53L0X_read_word)
    VL53L0X_ref_calibration_io               0x080037ff   Thumb Code   176  vl53l0x_api_calibration.o(i.VL53L0X_ref_calibration_io)
    VL53L0X_set_measurement_timing_budget_micro_seconds 0x080038af   Thumb Code   294  vl53l0x_api_core.o(i.VL53L0X_set_measurement_timing_budget_micro_seconds)
    VL53L0X_set_reference_spads              0x080039d5   Thumb Code   194  vl53l0x_api_calibration.o(i.VL53L0X_set_reference_spads)
    VL53L0X_set_vcsel_pulse_period           0x08003a97   Thumb Code   766  vl53l0x_api_core.o(i.VL53L0X_set_vcsel_pulse_period)
    VL53L0X_write_byte                       0x08003d95   Thumb Code    28  vl53l0x_i2c_win_serial_comms.o(i.VL53L0X_write_byte)
    VL53L0X_write_multi                      0x08003db1   Thumb Code    40  vl53l0x_i2c_win_serial_comms.o(i.VL53L0X_write_multi)
    VL53L0X_write_word                       0x08003dd9   Thumb Code    90  vl53l0x_i2c_win_serial_comms.o(i.VL53L0X_write_word)
    _sys_exit                                0x08003e33   Thumb Code     4  usart.o(i._sys_exit)
    delay_init                               0x08003e39   Thumb Code    50  delay.o(i.delay_init)
    delay_ms                                 0x08003e7d   Thumb Code    72  delay.o(i.delay_ms)
    delay_us                                 0x08003ec9   Thumb Code    72  delay.o(i.delay_us)
    enable_ref_spads                         0x08003f15   Thumb Code   172  vl53l0x_api_calibration.o(i.enable_ref_spads)
    enable_spad_bit                          0x08003fc1   Thumb Code    50  vl53l0x_api_calibration.o(i.enable_spad_bit)
    fputc                                    0x08003ff5   Thumb Code    24  usart.o(i.fputc)
    get_next_good_spad                       0x08004011   Thumb Code   104  vl53l0x_api_calibration.o(i.get_next_good_spad)
    get_ref_spad_map                         0x08004079   Thumb Code    24  vl53l0x_api_calibration.o(i.get_ref_spad_map)
    get_sequence_step_timeout                0x08004091   Thumb Code   290  vl53l0x_api_core.o(i.get_sequence_step_timeout)
    is_aperture                              0x080041b5   Thumb Code    18  vl53l0x_api_calibration.o(i.is_aperture)
    main                                     0x080041cd   Thumb Code   148  main.o(i.main)
    perform_ref_signal_measurement           0x08004381   Thumb Code   110  vl53l0x_api_calibration.o(i.perform_ref_signal_measurement)
    sequence_step_enabled                    0x080043ef   Thumb Code    72  vl53l0x_api.o(i.sequence_step_enabled)
    set_ref_spad_map                         0x08004437   Thumb Code    24  vl53l0x_api_calibration.o(i.set_ref_spad_map)
    set_sequence_step_timeout                0x0800444f   Thumb Code   306  vl53l0x_api_core.o(i.set_sequence_step_timeout)
    vl53l0x_Calibration                      0x08004581   Thumb Code    62  vl53l0x.o(i.vl53l0x_Calibration)
    vl53l0x_Init                             0x080045c1   Thumb Code    72  vl53l0x.o(i.vl53l0x_Init)
    vl53l0x_Mode_Set                         0x08004621   Thumb Code   260  vl53l0x.o(i.vl53l0x_Mode_Set)
    vl53l0x_single_test                      0x08004729   Thumb Code    46  vl53l0x.o(i.vl53l0x_single_test)
    Region$$Table$$Base                      0x08004780   Number         0  anon$$obj.o(Region$$Table)
    Region$$Table$$Limit                     0x080047a0   Number         0  anon$$obj.o(Region$$Table)
    Mode_Setdata                             0x20000000   Data          56  vl53l0x.o(.data)
    SystemCoreClock                          0x20000038   Data           4  system_stm32f10x.o(.data)
    AHBPrescTable                            0x2000003c   Data          16  system_stm32f10x.o(.data)
    __stdout                                 0x20000050   Data           4  usart.o(.data)
    DefaultTuningSettings                    0x20000068   Data         243  vl53l0x_api.o(.data)
    InterruptThresholdSettings               0x2000015b   Data         438  vl53l0x_api.o(.data)
    refArrayQuadrants                        0x20000314   Data          16  vl53l0x_api_calibration.o(.data)
    dev                                      0x20000324   Data         352  main.o(.bss)
    rdata                                    0x20000484   Data          28  main.o(.bss)
    pVL53L0X_DeviceInfo                      0x200004a0   Data          99  main.o(.bss)
    __libspace_start                         0x20000504   Data          96  libspace.o(.bss)
    __temporary_stack_top$libspace           0x20000564   Data           0  libspace.o(.bss)



==============================================================================

Memory Map of the image

  Image Entry point : 0x080000ed

  Load Region LR_IROM1 (Base: 0x08000000, Size: 0x00004ac4, Max: 0x00010000, ABSOLUTE, COMPRESSED[0x00004a68])

    Execution Region ER_IROM1 (Exec base: 0x08000000, Load base: 0x08000000, Size: 0x000047a0, Max: 0x00010000, ABSOLUTE)

    Exec Addr    Load Addr    Size         Type   Attr      Idx    E Section Name        Object

    0x08000000   0x08000000   0x000000ec   Data   RO           19    RESET               startup_stm32f10x_md.o
    0x080000ec   0x080000ec   0x00000008   Code   RO         4766  * !!!main             c_w.l(__main.o)
    0x080000f4   0x080000f4   0x00000034   Code   RO         4938    !!!scatter          c_w.l(__scatter.o)
    0x08000128   0x08000128   0x00000064   Code   RO         4936    !!dclz77c           c_w.l(__dclz77c.o)
    0x0800018c   0x0800018c   0x0000001c   Code   RO         4940    !!handler_zi        c_w.l(__scatter_zi.o)
    0x080001a8   0x080001a8   0x00000000   Code   RO         4757    .ARM.Collect$$_printf_percent$$00000000  c_w.l(_printf_percent.o)
    0x080001a8   0x080001a8   0x00000006   Code   RO         4756    .ARM.Collect$$_printf_percent$$00000009  c_w.l(_printf_d.o)
    0x080001ae   0x080001ae   0x00000006   Code   RO         4755    .ARM.Collect$$_printf_percent$$00000014  c_w.l(_printf_s.o)
    0x080001b4   0x080001b4   0x00000004   Code   RO         4777    .ARM.Collect$$_printf_percent$$00000017  c_w.l(_printf_percent_end.o)
    0x080001b8   0x080001b8   0x00000002   Code   RO         4810    .ARM.Collect$$libinit$$00000000  c_w.l(libinit.o)
    0x080001ba   0x080001ba   0x00000000   Code   RO         4817    .ARM.Collect$$libinit$$00000002  c_w.l(libinit2.o)
    0x080001ba   0x080001ba   0x00000000   Code   RO         4819    .ARM.Collect$$libinit$$00000004  c_w.l(libinit2.o)
    0x080001ba   0x080001ba   0x00000000   Code   RO         4822    .ARM.Collect$$libinit$$0000000A  c_w.l(libinit2.o)
    0x080001ba   0x080001ba   0x00000000   Code   RO         4824    .ARM.Collect$$libinit$$0000000C  c_w.l(libinit2.o)
    0x080001ba   0x080001ba   0x00000000   Code   RO         4826    .ARM.Collect$$libinit$$0000000E  c_w.l(libinit2.o)
    0x080001ba   0x080001ba   0x00000000   Code   RO         4829    .ARM.Collect$$libinit$$00000011  c_w.l(libinit2.o)
    0x080001ba   0x080001ba   0x00000000   Code   RO         4831    .ARM.Collect$$libinit$$00000013  c_w.l(libinit2.o)
    0x080001ba   0x080001ba   0x00000000   Code   RO         4833    .ARM.Collect$$libinit$$00000015  c_w.l(libinit2.o)
    0x080001ba   0x080001ba   0x00000000   Code   RO         4835    .ARM.Collect$$libinit$$00000017  c_w.l(libinit2.o)
    0x080001ba   0x080001ba   0x00000000   Code   RO         4837    .ARM.Collect$$libinit$$00000019  c_w.l(libinit2.o)
    0x080001ba   0x080001ba   0x00000000   Code   RO         4839    .ARM.Collect$$libinit$$0000001B  c_w.l(libinit2.o)
    0x080001ba   0x080001ba   0x00000000   Code   RO         4841    .ARM.Collect$$libinit$$0000001D  c_w.l(libinit2.o)
    0x080001ba   0x080001ba   0x00000000   Code   RO         4843    .ARM.Collect$$libinit$$0000001F  c_w.l(libinit2.o)
    0x080001ba   0x080001ba   0x00000000   Code   RO         4845    .ARM.Collect$$libinit$$00000021  c_w.l(libinit2.o)
    0x080001ba   0x080001ba   0x00000000   Code   RO         4847    .ARM.Collect$$libinit$$00000023  c_w.l(libinit2.o)
    0x080001ba   0x080001ba   0x00000000   Code   RO         4849    .ARM.Collect$$libinit$$00000025  c_w.l(libinit2.o)
    0x080001ba   0x080001ba   0x00000000   Code   RO         4853    .ARM.Collect$$libinit$$0000002C  c_w.l(libinit2.o)
    0x080001ba   0x080001ba   0x00000000   Code   RO         4855    .ARM.Collect$$libinit$$0000002E  c_w.l(libinit2.o)
    0x080001ba   0x080001ba   0x00000000   Code   RO         4857    .ARM.Collect$$libinit$$00000030  c_w.l(libinit2.o)
    0x080001ba   0x080001ba   0x00000000   Code   RO         4859    .ARM.Collect$$libinit$$00000032  c_w.l(libinit2.o)
    0x080001ba   0x080001ba   0x00000002   Code   RO         4860    .ARM.Collect$$libinit$$00000033  c_w.l(libinit2.o)
    0x080001bc   0x080001bc   0x00000002   Code   RO         4878    .ARM.Collect$$libshutdown$$00000000  c_w.l(libshutdown.o)
    0x080001be   0x080001be   0x00000000   Code   RO         4888    .ARM.Collect$$libshutdown$$00000002  c_w.l(libshutdown2.o)
    0x080001be   0x080001be   0x00000000   Code   RO         4890    .ARM.Collect$$libshutdown$$00000004  c_w.l(libshutdown2.o)
    0x080001be   0x080001be   0x00000000   Code   RO         4893    .ARM.Collect$$libshutdown$$00000007  c_w.l(libshutdown2.o)
    0x080001be   0x080001be   0x00000000   Code   RO         4896    .ARM.Collect$$libshutdown$$0000000A  c_w.l(libshutdown2.o)
    0x080001be   0x080001be   0x00000000   Code   RO         4898    .ARM.Collect$$libshutdown$$0000000C  c_w.l(libshutdown2.o)
    0x080001be   0x080001be   0x00000000   Code   RO         4901    .ARM.Collect$$libshutdown$$0000000F  c_w.l(libshutdown2.o)
    0x080001be   0x080001be   0x00000002   Code   RO         4902    .ARM.Collect$$libshutdown$$00000010  c_w.l(libshutdown2.o)
    0x080001c0   0x080001c0   0x00000000   Code   RO         4770    .ARM.Collect$$rtentry$$00000000  c_w.l(__rtentry.o)
    0x080001c0   0x080001c0   0x00000000   Code   RO         4779    .ARM.Collect$$rtentry$$00000002  c_w.l(__rtentry2.o)
    0x080001c0   0x080001c0   0x00000006   Code   RO         4791    .ARM.Collect$$rtentry$$00000004  c_w.l(__rtentry4.o)
    0x080001c6   0x080001c6   0x00000000   Code   RO         4781    .ARM.Collect$$rtentry$$00000009  c_w.l(__rtentry2.o)
    0x080001c6   0x080001c6   0x00000004   Code   RO         4782    .ARM.Collect$$rtentry$$0000000A  c_w.l(__rtentry2.o)
    0x080001ca   0x080001ca   0x00000000   Code   RO         4784    .ARM.Collect$$rtentry$$0000000C  c_w.l(__rtentry2.o)
    0x080001ca   0x080001ca   0x00000008   Code   RO         4785    .ARM.Collect$$rtentry$$0000000D  c_w.l(__rtentry2.o)
    0x080001d2   0x080001d2   0x00000002   Code   RO         4814    .ARM.Collect$$rtexit$$00000000  c_w.l(rtexit.o)
    0x080001d4   0x080001d4   0x00000000   Code   RO         4862    .ARM.Collect$$rtexit$$00000002  c_w.l(rtexit2.o)
    0x080001d4   0x080001d4   0x00000004   Code   RO         4863    .ARM.Collect$$rtexit$$00000003  c_w.l(rtexit2.o)
    0x080001d8   0x080001d8   0x00000006   Code   RO         4864    .ARM.Collect$$rtexit$$00000004  c_w.l(rtexit2.o)
    0x080001de   0x080001de   0x00000002   PAD
    0x080001e0   0x080001e0   0x00000040   Code   RO           20    .text               startup_stm32f10x_md.o
    0x08000220   0x08000220   0x00000002   Code   RO         4723    .text               c_w.l(use_no_semi_2.o)
    0x08000222   0x08000222   0x00000002   PAD
    0x08000224   0x08000224   0x00000018   Code   RO         4727    .text               c_w.l(noretval__2printf.o)
    0x0800023c   0x0800023c   0x00000068   Code   RO         4729    .text               c_w.l(__printf.o)
    0x080002a4   0x080002a4   0x00000052   Code   RO         4731    .text               c_w.l(_printf_str.o)
    0x080002f6   0x080002f6   0x00000002   PAD
    0x080002f8   0x080002f8   0x00000078   Code   RO         4733    .text               c_w.l(_printf_dec.o)
    0x08000370   0x08000370   0x00000048   Code   RO         4758    .text               c_w.l(strcpy.o)
    0x080003b8   0x080003b8   0x00000064   Code   RO         4760    .text               c_w.l(rt_memcpy_w.o)
    0x0800041c   0x0800041c   0x0000004e   Code   RO         4762    .text               c_w.l(rt_memclr_w.o)
    0x0800046a   0x0800046a   0x00000006   Code   RO         4764    .text               c_w.l(heapauxi.o)
    0x08000470   0x08000470   0x00000002   Code   RO         4768    .text               c_w.l(use_no_semi.o)
    0x08000472   0x08000472   0x000000b2   Code   RO         4771    .text               c_w.l(_printf_intcommon.o)
    0x08000524   0x08000524   0x0000002c   Code   RO         4773    .text               c_w.l(_printf_char.o)
    0x08000550   0x08000550   0x00000024   Code   RO         4775    .text               c_w.l(_printf_char_file.o)
    0x08000574   0x08000574   0x00000030   Code   RO         4793    .text               c_w.l(_printf_char_common.o)
    0x080005a4   0x080005a4   0x00000008   Code   RO         4795    .text               c_w.l(ferror.o)
    0x080005ac   0x080005ac   0x0000004a   Code   RO         4799    .text               c_w.l(sys_stackheap_outer.o)
    0x080005f6   0x080005f6   0x00000012   Code   RO         4803    .text               c_w.l(exit.o)
    0x08000608   0x08000608   0x00000008   Code   RO         4811    .text               c_w.l(libspace.o)
    0x08000610   0x08000610   0x00000004   Code   RO          262    i.BusFault_Handler  stm32f10x_it.o
    0x08000614   0x08000614   0x00000002   Code   RO          263    i.DebugMon_Handler  stm32f10x_it.o
    0x08000616   0x08000616   0x00000116   Code   RO         1646    i.GPIO_Init         stm32f10x_gpio.o
    0x0800072c   0x0800072c   0x00000004   Code   RO         1654    i.GPIO_SetBits      stm32f10x_gpio.o
    0x08000730   0x08000730   0x00000004   Code   RO          264    i.HardFault_Handler  stm32f10x_it.o
    0x08000734   0x08000734   0x00000050   Code   RO          196    i.IIC_Ack           vl_iic.o
    0x08000784   0x08000784   0x00000064   Code   RO          197    i.IIC_Init          vl_iic.o
    0x080007e8   0x080007e8   0x00000050   Code   RO          198    i.IIC_NAck          vl_iic.o
    0x08000838   0x08000838   0x00000074   Code   RO          199    i.IIC_Read_Byte     vl_iic.o
    0x080008ac   0x080008ac   0x00000070   Code   RO          200    i.IIC_Read_multiByte  vl_iic.o
    0x0800091c   0x0800091c   0x00000074   Code   RO          201    i.IIC_Send_Byte     vl_iic.o
    0x08000990   0x08000990   0x0000004c   Code   RO          202    i.IIC_Start         vl_iic.o
    0x080009dc   0x080009dc   0x0000004c   Code   RO          203    i.IIC_Stop          vl_iic.o
    0x08000a28   0x08000a28   0x00000064   Code   RO          204    i.IIC_Wait_Ack      vl_iic.o
    0x08000a8c   0x08000a8c   0x0000005c   Code   RO          205    i.IIC_Write_multiByte  vl_iic.o
    0x08000ae8   0x08000ae8   0x00000004   Code   RO          265    i.MemManage_Handler  stm32f10x_it.o
    0x08000aec   0x08000aec   0x00000002   Code   RO          266    i.NMI_Handler       stm32f10x_it.o
    0x08000aee   0x08000aee   0x00000002   PAD
    0x08000af0   0x08000af0   0x00000070   Code   RO          495    i.NVIC_Init         misc.o
    0x08000b60   0x08000b60   0x00000002   Code   RO          267    i.PendSV_Handler    stm32f10x_it.o
    0x08000b62   0x08000b62   0x00000002   PAD
    0x08000b64   0x08000b64   0x00000018   Code   RO         2060    i.RCC_ADCCLKConfig  stm32f10x_rcc.o
    0x08000b7c   0x08000b7c   0x00000020   Code   RO         2064    i.RCC_APB2PeriphClockCmd  stm32f10x_rcc.o
    0x08000b9c   0x08000b9c   0x00000062   Code   RO          351    i.RCC_Configuration  system_stm32f10x.o
    0x08000bfe   0x08000bfe   0x00000002   PAD
    0x08000c00   0x08000c00   0x0000004c   Code   RO         2071    i.RCC_DeInit        stm32f10x_rcc.o
    0x08000c4c   0x08000c4c   0x000000d4   Code   RO         2072    i.RCC_GetClocksFreq  stm32f10x_rcc.o
    0x08000d20   0x08000d20   0x0000003c   Code   RO         2073    i.RCC_GetFlagStatus  stm32f10x_rcc.o
    0x08000d5c   0x08000d5c   0x00000010   Code   RO         2075    i.RCC_GetSYSCLKSource  stm32f10x_rcc.o
    0x08000d6c   0x08000d6c   0x00000018   Code   RO         2076    i.RCC_HCLKConfig    stm32f10x_rcc.o
    0x08000d84   0x08000d84   0x0000000c   Code   RO         2078    i.RCC_HSICmd        stm32f10x_rcc.o
    0x08000d90   0x08000d90   0x00000018   Code   RO         2083    i.RCC_PCLK1Config   stm32f10x_rcc.o
    0x08000da8   0x08000da8   0x00000018   Code   RO         2084    i.RCC_PCLK2Config   stm32f10x_rcc.o
    0x08000dc0   0x08000dc0   0x0000000c   Code   RO         2085    i.RCC_PLLCmd        stm32f10x_rcc.o
    0x08000dcc   0x08000dcc   0x0000001c   Code   RO         2086    i.RCC_PLLConfig     stm32f10x_rcc.o
    0x08000de8   0x08000de8   0x00000018   Code   RO         2089    i.RCC_SYSCLKConfig  stm32f10x_rcc.o
    0x08000e00   0x08000e00   0x00000002   Code   RO          268    i.SVC_Handler       stm32f10x_it.o
    0x08000e02   0x08000e02   0x00000028   Code   RO          499    i.SysTick_CLKSourceConfig  misc.o
    0x08000e2a   0x08000e2a   0x00000002   Code   RO          269    i.SysTick_Handler   stm32f10x_it.o
    0x08000e2c   0x08000e2c   0x00000060   Code   RO          355    i.SystemInit        system_stm32f10x.o
    0x08000e8c   0x08000e8c   0x00000018   Code   RO         3232    i.USART_Cmd         stm32f10x_usart.o
    0x08000ea4   0x08000ea4   0x0000004a   Code   RO         3238    i.USART_ITConfig    stm32f10x_usart.o
    0x08000eee   0x08000eee   0x00000002   PAD
    0x08000ef0   0x08000ef0   0x000000d8   Code   RO         3239    i.USART_Init        stm32f10x_usart.o
    0x08000fc8   0x08000fc8   0x000000a4   Code   RO          464    i.Uart1Init         usart.o
    0x0800106c   0x0800106c   0x00000004   Code   RO          270    i.UsageFault_Handler  stm32f10x_it.o
    0x08001070   0x08001070   0x00000084   Code   RO         3462    i.VL53L0X_CheckAndLoadInterruptSettings  vl53l0x_api.o
    0x080010f4   0x080010f4   0x00000052   Code   RO         3463    i.VL53L0X_ClearInterruptMask  vl53l0x_api.o
    0x08001146   0x08001146   0x00000002   PAD
    0x08001148   0x08001148   0x000001a0   Code   RO         3464    i.VL53L0X_DataInit  vl53l0x_api.o
    0x080012e8   0x080012e8   0x00000016   Code   RO         3468    i.VL53L0X_GetDeviceInfo  vl53l0x_api.o
    0x080012fe   0x080012fe   0x0000000a   Code   RO         3469    i.VL53L0X_GetDeviceMode  vl53l0x_api.o
    0x08001308   0x08001308   0x000000a0   Code   RO         3470    i.VL53L0X_GetDeviceParameters  vl53l0x_api.o
    0x080013a8   0x080013a8   0x00000022   Code   RO         3472    i.VL53L0X_GetFractionEnable  vl53l0x_api.o
    0x080013ca   0x080013ca   0x0000003e   Code   RO         3476    i.VL53L0X_GetInterMeasurementPeriodMilliSeconds  vl53l0x_api.o
    0x08001408   0x08001408   0x00000030   Code   RO         3477    i.VL53L0X_GetInterruptMaskStatus  vl53l0x_api.o
    0x08001438   0x08001438   0x00000042   Code   RO         3478    i.VL53L0X_GetInterruptThresholds  vl53l0x_api.o
    0x0800147a   0x0800147a   0x0000001c   Code   RO         3480    i.VL53L0X_GetLimitCheckEnable  vl53l0x_api.o
    0x08001496   0x08001496   0x000000b6   Code   RO         3483    i.VL53L0X_GetLimitCheckValue  vl53l0x_api.o
    0x0800154c   0x0800154c   0x00000056   Code   RO         3486    i.VL53L0X_GetMeasurementDataReady  vl53l0x_api.o
    0x080015a2   0x080015a2   0x00000016   Code   RO         3488    i.VL53L0X_GetMeasurementTimingBudgetMicroSeconds  vl53l0x_api.o
    0x080015b8   0x080015b8   0x00000016   Code   RO         3492    i.VL53L0X_GetOffsetCalibrationDataMicroMeter  vl53l0x_api.o
    0x080015ce   0x080015ce   0x0000016e   Code   RO         3500    i.VL53L0X_GetRangingMeasurementData  vl53l0x_api.o
    0x0800173c   0x0800173c   0x00000076   Code   RO         3504    i.VL53L0X_GetSequenceStepEnables  vl53l0x_api.o
    0x080017b2   0x080017b2   0x0000001e   Code   RO         3513    i.VL53L0X_GetVcselPulsePeriod  vl53l0x_api.o
    0x080017d0   0x080017d0   0x0000003e   Code   RO         3515    i.VL53L0X_GetWrapAroundCheckEnable  vl53l0x_api.o
    0x0800180e   0x0800180e   0x0000000c   Code   RO         3516    i.VL53L0X_GetXTalkCompensationEnable  vl53l0x_api.o
    0x0800181a   0x0800181a   0x00000038   Code   RO         3517    i.VL53L0X_GetXTalkCompensationRateMegaCps  vl53l0x_api.o
    0x08001852   0x08001852   0x00000020   Code   RO         3519    i.VL53L0X_PerformRefCalibration  vl53l0x_api.o
    0x08001872   0x08001872   0x0000001e   Code   RO         3520    i.VL53L0X_PerformRefSpadManagement  vl53l0x_api.o
    0x08001890   0x08001890   0x0000003c   Code   RO         3522    i.VL53L0X_PerformSingleMeasurement  vl53l0x_api.o
    0x080018cc   0x080018cc   0x00000038   Code   RO         3523    i.VL53L0X_PerformSingleRangingMeasurement  vl53l0x_api.o
    0x08001904   0x08001904   0x00000006   Code   RO         4644    i.VL53L0X_PollingDelay  vl53l0x_platform.o
    0x0800190a   0x0800190a   0x0000002c   Code   RO         4645    i.VL53L0X_RdByte    vl53l0x_platform.o
    0x08001936   0x08001936   0x0000002c   Code   RO         4646    i.VL53L0X_RdDWord   vl53l0x_platform.o
    0x08001962   0x08001962   0x0000002c   Code   RO         4647    i.VL53L0X_RdWord    vl53l0x_platform.o
    0x0800198e   0x0800198e   0x00000036   Code   RO         4648    i.VL53L0X_ReadMulti  vl53l0x_platform.o
    0x080019c4   0x080019c4   0x00000066   Code   RO         3526    i.VL53L0X_ResetDevice  vl53l0x_api.o
    0x08001a2a   0x08001a2a   0x00000032   Code   RO         3528    i.VL53L0X_SetDeviceMode  vl53l0x_api.o
    0x08001a5c   0x08001a5c   0x00000166   Code   RO         3531    i.VL53L0X_SetGpioConfig  vl53l0x_api.o
    0x08001bc2   0x08001bc2   0x000000c2   Code   RO         3536    i.VL53L0X_SetLimitCheckEnable  vl53l0x_api.o
    0x08001c84   0x08001c84   0x00000076   Code   RO         3537    i.VL53L0X_SetLimitCheckValue  vl53l0x_api.o
    0x08001cfa   0x08001cfa   0x00000016   Code   RO         3539    i.VL53L0X_SetMeasurementTimingBudgetMicroSeconds  vl53l0x_api.o
    0x08001d10   0x08001d10   0x000000c4   Code   RO         3546    i.VL53L0X_SetSequenceStepEnable  vl53l0x_api.o
    0x08001dd4   0x08001dd4   0x0000001e   Code   RO         3551    i.VL53L0X_SetVcselPulsePeriod  vl53l0x_api.o
    0x08001df2   0x08001df2   0x0000010c   Code   RO         3555    i.VL53L0X_StartMeasurement  vl53l0x_api.o
    0x08001efe   0x08001efe   0x00000002   PAD
    0x08001f00   0x08001f00   0x000001a0   Code   RO         3556    i.VL53L0X_StaticInit  vl53l0x_api.o
    0x080020a0   0x080020a0   0x00000052   Code   RO         4650    i.VL53L0X_UpdateByte  vl53l0x_platform.o
    0x080020f2   0x080020f2   0x0000002c   Code   RO         4651    i.VL53L0X_WrByte    vl53l0x_platform.o
    0x0800211e   0x0800211e   0x0000002c   Code   RO         4653    i.VL53L0X_WrWord    vl53l0x_platform.o
    0x0800214a   0x0800214a   0x0000003c   Code   RO         4654    i.VL53L0X_WriteMulti  vl53l0x_platform.o
    0x08002186   0x08002186   0x00000002   PAD
    0x08002188   0x08002188   0x0000018c   Code   RO         4227    i.VL53L0X_calc_dmax  vl53l0x_api_core.o
    0x08002314   0x08002314   0x00000016   Code   RO         4228    i.VL53L0X_calc_macro_period_ps  vl53l0x_api_core.o
    0x0800232a   0x0800232a   0x00000002   PAD
    0x0800232c   0x0800232c   0x00000310   Code   RO         4229    i.VL53L0X_calc_sigma_estimate  vl53l0x_api_core.o
    0x0800263c   0x0800263c   0x00000034   Code   RO         4230    i.VL53L0X_calc_timeout_mclks  vl53l0x_api_core.o
    0x08002670   0x08002670   0x00000034   Code   RO         4231    i.VL53L0X_calc_timeout_us  vl53l0x_api_core.o
    0x080026a4   0x080026a4   0x00000050   Code   RO         4389    i.VL53L0X_check_part_used  vl53l0x_api_strings.o
    0x080026f4   0x080026f4   0x0000000e   Code   RO         4232    i.VL53L0X_decode_timeout  vl53l0x_api_core.o
    0x08002702   0x08002702   0x0000000c   Code   RO         4233    i.VL53L0X_decode_vcsel_period  vl53l0x_api_core.o
    0x0800270e   0x0800270e   0x00000052   Code   RO         4234    i.VL53L0X_device_read_strobe  vl53l0x_api_core.o
    0x08002760   0x08002760   0x00000028   Code   RO         4235    i.VL53L0X_encode_timeout  vl53l0x_api_core.o
    0x08002788   0x08002788   0x0000000e   Code   RO         4236    i.VL53L0X_encode_vcsel_period  vl53l0x_api_core.o
    0x08002796   0x08002796   0x00000002   PAD
    0x08002798   0x08002798   0x000000dc   Code   RO         4391    i.VL53L0X_get_device_info  vl53l0x_api_strings.o
    0x08002874   0x08002874   0x0000054a   Code   RO         4237    i.VL53L0X_get_info_from_device  vl53l0x_api_core.o
    0x08002dbe   0x08002dbe   0x000000ee   Code   RO         4238    i.VL53L0X_get_measurement_timing_budget_micro_seconds  vl53l0x_api_core.o
    0x08002eac   0x08002eac   0x00000056   Code   RO         4081    i.VL53L0X_get_offset_calibration_data_micro_meter  vl53l0x_api_calibration.o
    0x08002f02   0x08002f02   0x00000234   Code   RO         4239    i.VL53L0X_get_pal_range_status  vl53l0x_api_core.o
    0x08003136   0x08003136   0x00000028   Code   RO         4240    i.VL53L0X_get_total_signal_rate  vl53l0x_api_core.o
    0x0800315e   0x0800315e   0x0000003a   Code   RO         4241    i.VL53L0X_get_total_xtalk_rate  vl53l0x_api_core.o
    0x08003198   0x08003198   0x00000046   Code   RO         4242    i.VL53L0X_get_vcsel_pulse_period  vl53l0x_api_core.o
    0x080031de   0x080031de   0x0000002c   Code   RO         4243    i.VL53L0X_isqrt     vl53l0x_api_core.o
    0x0800320a   0x0800320a   0x000000ea   Code   RO         4244    i.VL53L0X_load_tuning_settings  vl53l0x_api_core.o
    0x080032f4   0x080032f4   0x00000042   Code   RO         4245    i.VL53L0X_measurement_poll_for_completion  vl53l0x_api_core.o
    0x08003336   0x08003336   0x0000007c   Code   RO         4085    i.VL53L0X_perform_phase_calibration  vl53l0x_api_calibration.o
    0x080033b2   0x080033b2   0x0000004c   Code   RO         4086    i.VL53L0X_perform_ref_calibration  vl53l0x_api_calibration.o
    0x080033fe   0x080033fe   0x00000292   Code   RO         4087    i.VL53L0X_perform_ref_spad_management  vl53l0x_api_calibration.o
    0x08003690   0x08003690   0x00000040   Code   RO         4088    i.VL53L0X_perform_single_ref_calibration  vl53l0x_api_calibration.o
    0x080036d0   0x080036d0   0x0000007e   Code   RO         4089    i.VL53L0X_perform_vhv_calibration  vl53l0x_api_calibration.o
    0x0800374e   0x0800374e   0x00000024   Code   RO         4450    i.VL53L0X_read_byte  vl53l0x_i2c_win_serial_comms.o
    0x08003772   0x08003772   0x0000003a   Code   RO         4452    i.VL53L0X_read_dword  vl53l0x_i2c_win_serial_comms.o
    0x080037ac   0x080037ac   0x00000028   Code   RO         4454    i.VL53L0X_read_multi  vl53l0x_i2c_win_serial_comms.o
    0x080037d4   0x080037d4   0x0000002a   Code   RO         4456    i.VL53L0X_read_word  vl53l0x_i2c_win_serial_comms.o
    0x080037fe   0x080037fe   0x000000b0   Code   RO         4091    i.VL53L0X_ref_calibration_io  vl53l0x_api_calibration.o
    0x080038ae   0x080038ae   0x00000126   Code   RO         4248    i.VL53L0X_set_measurement_timing_budget_micro_seconds  vl53l0x_api_core.o
    0x080039d4   0x080039d4   0x000000c2   Code   RO         4094    i.VL53L0X_set_reference_spads  vl53l0x_api_calibration.o
    0x08003a96   0x08003a96   0x000002fe   Code   RO         4249    i.VL53L0X_set_vcsel_pulse_period  vl53l0x_api_core.o
    0x08003d94   0x08003d94   0x0000001c   Code   RO         4461    i.VL53L0X_write_byte  vl53l0x_i2c_win_serial_comms.o
    0x08003db0   0x08003db0   0x00000028   Code   RO         4465    i.VL53L0X_write_multi  vl53l0x_i2c_win_serial_comms.o
    0x08003dd8   0x08003dd8   0x0000005a   Code   RO         4467    i.VL53L0X_write_word  vl53l0x_i2c_win_serial_comms.o
    0x08003e32   0x08003e32   0x00000004   Code   RO          465    i._sys_exit         usart.o
    0x08003e36   0x08003e36   0x00000002   PAD
    0x08003e38   0x08003e38   0x00000044   Code   RO          410    i.delay_init        delay.o
    0x08003e7c   0x08003e7c   0x0000004c   Code   RO          411    i.delay_ms          delay.o
    0x08003ec8   0x08003ec8   0x0000004c   Code   RO          412    i.delay_us          delay.o
    0x08003f14   0x08003f14   0x000000ac   Code   RO         4096    i.enable_ref_spads  vl53l0x_api_calibration.o
    0x08003fc0   0x08003fc0   0x00000032   Code   RO         4097    i.enable_spad_bit   vl53l0x_api_calibration.o
    0x08003ff2   0x08003ff2   0x00000002   PAD
    0x08003ff4   0x08003ff4   0x0000001c   Code   RO          466    i.fputc             usart.o
    0x08004010   0x08004010   0x00000068   Code   RO         4098    i.get_next_good_spad  vl53l0x_api_calibration.o
    0x08004078   0x08004078   0x00000018   Code   RO         4099    i.get_ref_spad_map  vl53l0x_api_calibration.o
    0x08004090   0x08004090   0x00000122   Code   RO         4250    i.get_sequence_step_timeout  vl53l0x_api_core.o
    0x080041b2   0x080041b2   0x00000002   PAD
    0x080041b4   0x080041b4   0x00000018   Code   RO         4100    i.is_aperture       vl53l0x_api_calibration.o
    0x080041cc   0x080041cc   0x000001b4   Code   RO          391    i.main              main.o
    0x08004380   0x08004380   0x0000006e   Code   RO         4101    i.perform_ref_signal_measurement  vl53l0x_api_calibration.o
    0x080043ee   0x080043ee   0x00000048   Code   RO         3560    i.sequence_step_enabled  vl53l0x_api.o
    0x08004436   0x08004436   0x00000018   Code   RO         4102    i.set_ref_spad_map  vl53l0x_api_calibration.o
    0x0800444e   0x0800444e   0x00000132   Code   RO         4251    i.set_sequence_step_timeout  vl53l0x_api_core.o
    0x08004580   0x08004580   0x0000003e   Code   RO           24    i.vl53l0x_Calibration  vl53l0x.o
    0x080045be   0x080045be   0x00000002   PAD
    0x080045c0   0x080045c0   0x00000060   Code   RO           25    i.vl53l0x_Init      vl53l0x.o
    0x08004620   0x08004620   0x00000108   Code   RO           26    i.vl53l0x_Mode_Set  vl53l0x.o
    0x08004728   0x08004728   0x00000058   Code   RO           28    i.vl53l0x_single_test  vl53l0x.o
    0x08004780   0x08004780   0x00000020   Data   RO         4934    Region$$Table       anon$$obj.o


    Execution Region RW_IRAM1 (Exec base: 0x20000000, Load base: 0x080047a0, Size: 0x00000b68, Max: 0x00005000, ABSOLUTE, COMPRESSED[0x000002c8])

    Exec Addr    Load Addr    Size         Type   Attr      Idx    E Section Name        Object

    0x20000000   COMPRESSED   0x00000038   Data   RW           29    .data               vl53l0x.o
    0x20000038   COMPRESSED   0x00000014   Data   RW          356    .data               system_stm32f10x.o
    0x2000004c   COMPRESSED   0x00000004   Data   RW          413    .data               delay.o
    0x20000050   COMPRESSED   0x00000004   Data   RW          467    .data               usart.o
    0x20000054   COMPRESSED   0x00000014   Data   RW         2092    .data               stm32f10x_rcc.o
    0x20000068   COMPRESSED   0x000002a9   Data   RW         3561    .data               vl53l0x_api.o
    0x20000311   COMPRESSED   0x00000003   PAD
    0x20000314   COMPRESSED   0x00000010   Data   RW         4103    .data               vl53l0x_api_calibration.o
    0x20000324        -       0x000001df   Zero   RW          392    .bss                main.o
    0x20000503   COMPRESSED   0x00000001   PAD
    0x20000504        -       0x00000060   Zero   RW         4812    .bss                c_w.l(libspace.o)
    0x20000564   COMPRESSED   0x00000004   PAD
    0x20000568        -       0x00000200   Zero   RW           18    HEAP                startup_stm32f10x_md.o
    0x20000768        -       0x00000400   Zero   RW           17    STACK               startup_stm32f10x_md.o


==============================================================================

Image component sizes


      Code (inc. data)   RO Data    RW Data    ZI Data      Debug   Object Name

         0          0          0          0          0       4532   core_cm3.o
       220         26          0          4          0       1587   delay.o
       436        288          0          0        479        784   main.o
       152         12          0          0          0       1566   misc.o
        64         26        236          0       1536        772   startup_stm32f10x_md.o
       282          0          0          0          0       2519   stm32f10x_gpio.o
        26          0          0          0          0       3398   stm32f10x_it.o
       568         92          0         20          0       9445   stm32f10x_rcc.o
       314          6          0          0          0       3670   stm32f10x_usart.o
       194         18          0         20          0       1601   system_stm32f10x.o
       196         14          0          4          0       3494   usart.o
       510         70          0         56          0     246416   vl53l0x.o
      4020         64          0        681          0      29155   vl53l0x_api.o
      2012          6          0         16          0      14727   vl53l0x_api_calibration.o
      5792         18          0          0          0      27407   vl53l0x_api_core.o
       300         74          0          0          0       2380   vl53l0x_api_strings.o
       334          0          0          0          0       5994   vl53l0x_i2c_win_serial_comms.o
       422          0          0          0          0       7631   vl53l0x_platform.o
       948         96          0          0          0       5921   vl_iic.o

    ----------------------------------------------------------------------
     16816        810        268        804       2016     372999   Object Totals
         0          0         32          0          0          0   (incl. Generated)
        26          0          0          3          1          0   (incl. Padding)

    ----------------------------------------------------------------------

      Code (inc. data)   RO Data    RW Data    ZI Data      Debug   Library Member Name

       100          0          0          0          0          0   __dclz77c.o
         8          0          0          0          0         68   __main.o
       104          0          0          0          0         84   __printf.o
         0          0          0          0          0          0   __rtentry.o
        12          0          0          0          0          0   __rtentry2.o
         6          0          0          0          0          0   __rtentry4.o
        52          8          0          0          0          0   __scatter.o
        28          0          0          0          0          0   __scatter_zi.o
        44          0          0          0          0        108   _printf_char.o
        48          6          0          0          0         96   _printf_char_common.o
        36          4          0          0          0         80   _printf_char_file.o
         6          0          0          0          0          0   _printf_d.o
       120         16          0          0          0         92   _printf_dec.o
       178          0          0          0          0         88   _printf_intcommon.o
         0          0          0          0          0          0   _printf_percent.o
         4          0          0          0          0          0   _printf_percent_end.o
         6          0          0          0          0          0   _printf_s.o
        82          0          0          0          0         80   _printf_str.o
        18          0          0          0          0         80   exit.o
         8          0          0          0          0         68   ferror.o
         6          0          0          0          0        152   heapauxi.o
         2          0          0          0          0          0   libinit.o
         2          0          0          0          0          0   libinit2.o
         2          0          0          0          0          0   libshutdown.o
         2          0          0          0          0          0   libshutdown2.o
         8          4          0          0         96         68   libspace.o
        24          4          0          0          0         84   noretval__2printf.o
        78          0          0          0          0         80   rt_memclr_w.o
       100          0          0          0          0         80   rt_memcpy_w.o
         2          0          0          0          0          0   rtexit.o
        10          0          0          0          0          0   rtexit2.o
        72          0          0          0          0         80   strcpy.o
        74          0          0          0          0         80   sys_stackheap_outer.o
         2          0          0          0          0         68   use_no_semi.o
         2          0          0          0          0         68   use_no_semi_2.o

    ----------------------------------------------------------------------
      1252         42          0          0        100       1604   Library Totals
         6          0          0          0          4          0   (incl. Padding)

    ----------------------------------------------------------------------

      Code (inc. data)   RO Data    RW Data    ZI Data      Debug   Library Name

      1246         42          0          0         96       1604   c_w.l

    ----------------------------------------------------------------------
      1252         42          0          0        100       1604   Library Totals

    ----------------------------------------------------------------------

==============================================================================


      Code (inc. data)   RO Data    RW Data    ZI Data      Debug   

     18068        852        268        804       2116     366591   Grand Totals
     18068        852        268        712       2116     366591   ELF Image Totals (compressed)
     18068        852        268        712          0          0   ROM Totals

==============================================================================

    Total RO  Size (Code + RO Data)                18336 (  17.91kB)
    Total RW  Size (RW Data + ZI Data)              2920 (   2.85kB)
    Total ROM Size (Code + RO Data + RW Data)      19048 (  18.60kB)

==============================================================================

